Microchip MPLAB XC8 Compiler V1.11 ()

Linker command line:

--edf=/opt/microchip/xc8/v1.11/dat/en_msgs.txt -cs \
  -h+dist/pic18f25k50/production/CdRbot.X.production.sym -z -Q18F25K50 \
  -ol.obj -Mdist/pic18f25k50/production/CdRbot.X.production.map -E1 \
  -ver=XC8 -ACODE=01000h-07FFFh -ACONST=01000h-07FFFh \
  -ASMALLCONST=01000h-010FFhx112 -AMEDIUMCONST=01000h-07FFFh \
  -ACOMRAM=01h-05Fh -AABS1=00h-07FFh -ABIGRAM=01h-07FFh \
  -ARAM=060h-0FFh,0100h-01FFhx7 -ABANK0=060h-0FFh -ABANK1=0100h-01FFh \
  -ABANK2=0200h-02FFh -ABANK3=0300h-03FFh -ABANK4=0400h-04FFh \
  -ABANK5=0500h-05FFh -ABANK6=0600h-06FFh -ABANK7=0700h-07FFh \
  -ASFR=0F53h-0F5Fh,0F60h-0FFFh \
  -preset_vec=01000h,intcode=01008h,intcodelo,powerup,init,end_init \
  -pramtop=0800h -psmallconst=SMALLCONST -pmediumconst=MEDIUMCONST \
  -pconst=CONST -AFARRAM=00h-00h -ACONFIG=0300000h-030000Dh -pconfig=CONFIG \
  -AIDLOC=0200000h-0200007h -pidloc=IDLOC -AEEDATA=0F00000h-0F000FFh \
  -peeprom_data=EEDATA \
  -prdata=COMRAM,nvrram=COMRAM,nvbit=COMRAM,rbss=COMRAM,rbit=COMRAM \
  -pfarbss=FARRAM,fardata=FARRAM \
  -pintsave_regs=BIGRAM,bigbss=BIGRAM,bigdata=BIGRAM -pbss=RAM \
  -pidata=CODE,irdata=CODE,ibigdata=CODE,ifardata=CODE /tmp/cgtOyI3dD.obj \
  dist/pic18f25k50/production/CdRbot.X.production.obj 

Object code version is 3.10

Machine type is 18F25K50

Call graph: (short form)




                Name                               Link     Load   Length Selector   Space Scale
/tmp/cgtOyI3dD.obj
                end_init                           107E     107E        4      804       0
                reset_vec                          1000     1000        4      800       0
                idloc                            200000   200000        8   200000       0
                config                           300000   300000        E   300000       0
dist/pic18f25k50/production/CdRbot.X.production.obj
                intcode                            1008     1008       76      804       0
                text12                             1528     1528       12      804       0
                text11                             1082     1082      11C      804       0
                text9                              1410     1410       3E      804       0
                text8                              1480     1480       22      804       0
                text7                              12AA     12AA       C8      804       0
                text6                              119E     119E      10C      804       0
                text5                              1502     1502       14      804       0
                text4                              14A2     14A2       1A      804       0
                text3                              14D4     14D4       18      804       0
                text2                              14EC     14EC       16      804       0
                text1                              14BC     14BC       18      804       0
                text0                              1372     1372       9E      804       0
                cstackCOMRAM                          1        1       3E        1       1
                dataCOMRAM                           3F       3F       12        1       1
                bssCOMRAM                            51       51        8        1       1
                cinit                              144E     144E       32      804       0
                idataCOMRAM                        1516     1516       12      804       0

TOTAL           Name                               Link     Load   Length     Space
        CLASS   CODE           
                end_init                           107E     107E        4         0
                intcode                            1008     1008       76         0
                reset_vec                          1000     1000        4         0
                text12                             1528     1528       12         0
                text11                             1082     1082      11C         0
                text9                              1410     1410       3E         0
                text8                              1480     1480       22         0
                text7                              12AA     12AA       C8         0
                text6                              119E     119E      10C         0
                text5                              1502     1502       14         0
                text4                              14A2     14A2       1A         0
                text3                              14D4     14D4       18         0
                text2                              14EC     14EC       16         0
                text1                              14BC     14BC       18         0
                text0                              1372     1372       9E         0
                cinit                              144E     144E       32         0
                idataCOMRAM                        1516     1516       12         0

        CLASS   CONST          

        CLASS   SMALLCONST     

        CLASS   MEDIUMCONST    

        CLASS   COMRAM         
                cstackCOMRAM                          1        1       3E         1
                dataCOMRAM                           3F       3F       12         1
                bssCOMRAM                            51       51        8         1

        CLASS   ABS1           

        CLASS   BIGRAM         

        CLASS   RAM            

        CLASS   BANK0          

        CLASS   BANK1          

        CLASS   BANK2          

        CLASS   BANK3          

        CLASS   BANK4          

        CLASS   BANK5          

        CLASS   BANK6          

        CLASS   BANK7          

        CLASS   SFR            

        CLASS   FARRAM         

        CLASS   CONFIG         
                config                           300000   300000        E         0

        CLASS   IDLOC          
                idloc                            200000   200000        8         0

        CLASS   EEDATA         



SEGMENTS        Name                           Load    Length   Top    Selector   Space  Class

                cstackCOMRAM                   000001  000058  000059         1       1  COMRAM  
                reset_vec                      001000  000004  001004       800       0  CODE    
                intcode                        001008  000532  00153A       804       0  CODE    
                idloc                          200000  000008  200008    200000       0  IDLOC   
                config                         300000  00000E  30000E    300000       0  CONFIG  


UNUSED ADDRESS RANGES

        Name                Unused          Largest block    Delta
        BANK0            000060-0000FF               A0
        BANK1            000100-0001FF              100
        BANK2            000200-0002FF              100
        BANK3            000300-0003FF              100
        BANK4            000400-0004FF              100
        BANK5            000500-0005FF              100
        BANK6            000600-0006FF              100
        BANK7            000700-0007FF              100
        BIGRAM           000059-0007FF              7A7
        CODE             001004-001007                4
                         00153A-007FFF             6AC6
        COMRAM           000059-00005F                7
        CONST            001004-001007                4
                         00153A-007FFF             6AC6
        EEDATA           F00000-F000FF              100
        FARRAM           000000-000000                1
        MEDIUMCONST      001004-001007                4
                         00153A-007FFF             6AC6
        RAM              000060-0007FF              100
        SFR              000F53-000FFF                D
        SMALLCONST       001004-001007                4
                         00153A-007FFF              100

                                  Symbol Table

?_Delay10KTCYx                 cstackCOMRAM 000015
?_OpenTimer0                   cstackCOMRAM 000015
?_WriteTimer0                  cstackCOMRAM 000001
?___wmul                       cstackCOMRAM 000015
?_moveRobot                    cstackCOMRAM 000031
?_moveRobotSpeed               cstackCOMRAM 000027
?_setServoSpeed                cstackCOMRAM 00001B
Delay10KTCYx@unit              cstackCOMRAM 000015
OpenTimer0@config              cstackCOMRAM 000015
WriteTimer0@timer              cstackCOMRAM 000003
WriteTimer0@timer0             cstackCOMRAM 000001
_Delay10KTCYx                  text3        0014D4
_INTCONbits                    (abs)        000FF2
_ISR                           intcode      001008
_InitRobot                     text1        0014BC
_LATB                          (abs)        000F8A
_LATBbits                      (abs)        000F8A
_LATC                          (abs)        000F8B
_LATCbits                      (abs)        000F8B
_OSCCON                        (abs)        000FD3
_OSCCON2                       (abs)        000FD2
_OSCCON2bits                   (abs)        000FD2
_OSCTUNE                       (abs)        000F9B
_OpenTimer0                    text8        001480
_PORTBbits                     (abs)        000F81
_RCONbits                      (abs)        000FD0
_Servo                         bssCOMRAM    000057
_Servo_Idx                     bssCOMRAM    000058
_Servo_PWM                     dataCOMRAM   000049
_T0CON                         (abs)        000FD5
_T0CONbits                     (abs)        000FD5
_TMR0H                         (abs)        000FD7
_TMR0L                         (abs)        000FD6
_TRISB                         (abs)        000F93
_TRISBbits                     (abs)        000F93
_TRISC                         (abs)        000F94
_Ticks4NextInterrupt           bssCOMRAM    000055
_WriteTimer0                   text12       001528
__CFG_BOREN$OFF                (abs)        000000
__CFG_BORV$220                 (abs)        000000
__CFG_CCP2MX$RC1               (abs)        000000
__CFG_CFGPLLEN$OFF             (abs)        000000
__CFG_CP0$OFF                  (abs)        000000
__CFG_CP1$OFF                  (abs)        000000
__CFG_CP2$OFF                  (abs)        000000
__CFG_CP3$OFF                  (abs)        000000
__CFG_CPB$OFF                  (abs)        000000
__CFG_CPD$OFF                  (abs)        000000
__CFG_CPUDIV$NOCLKDIV          (abs)        000000
__CFG_EBTR0$OFF                (abs)        000000
__CFG_EBTR1$OFF                (abs)        000000
__CFG_EBTR2$OFF                (abs)        000000
__CFG_EBTR3$OFF                (abs)        000000
__CFG_EBTRB$OFF                (abs)        000000
__CFG_FCMEN$OFF                (abs)        000000
__CFG_FOSC$INTOSCIO            (abs)        000000
__CFG_ICPRT$OFF                (abs)        000000
__CFG_IESO$OFF                 (abs)        000000
__CFG_LS48MHZ$SYS48X8          (abs)        000000
__CFG_LVP$OFF                  (abs)        000000
__CFG_MCLRE$ON                 (abs)        000000
__CFG_PBADEN$OFF               (abs)        000000
__CFG_PCLKEN$OFF               (abs)        000000
__CFG_PLLSEL$PLL3X             (abs)        000000
__CFG_SDOMX$RC7                (abs)        000000
__CFG_STVREN$OFF               (abs)        000000
__CFG_T3CMX$RC0                (abs)        000000
__CFG_WDTEN$OFF                (abs)        000000
__CFG_WDTPS$32768              (abs)        000000
__CFG_WRT0$OFF                 (abs)        000000
__CFG_WRT1$OFF                 (abs)        000000
__CFG_WRT2$OFF                 (abs)        000000
__CFG_WRT3$OFF                 (abs)        000000
__CFG_WRTB$OFF                 (abs)        000000
__CFG_WRTC$OFF                 (abs)        000000
__CFG_WRTD$OFF                 (abs)        000000
__CFG_XINST$OFF                (abs)        000000
__CFG_nLPBOR$OFF               (abs)        000000
__CFG_nPWRTEN$OFF              (abs)        000000
__HRAM                         (abs)        000000
__Habs1                        abs1         000000
__Hbank0                       bank0        000000
__Hbank1                       bank1        000000
__Hbank2                       bank2        000000
__Hbank3                       bank3        000000
__Hbank4                       bank4        000000
__Hbank5                       bank5        000000
__Hbank6                       bank6        000000
__Hbank7                       bank7        000000
__Hbigbss                      bigbss       000000
__Hbigdata                     bigdata      000000
__Hbigram                      bigram       000000
__Hbss                         bss          000000
__HbssCOMRAM                   bssCOMRAM    000000
__Hcinit                       cinit        000000
__Hclrtext                     clrtext      000000
__Hcomram                      comram       000000
__Hconfig                      config       30000E
__Hconst                       const        000000
__HcstackCOMRAM                cstackCOMRAM 000000
__Hdata                        data         000000
__HdataCOMRAM                  dataCOMRAM   000000
__Heeprom_data                 eeprom_data  000000
__Hend_init                    end_init     001082
__Hfarbss                      farbss       000000
__Hfardata                     fardata      000000
__Hibigdata                    ibigdata     000000
__Hidata                       idata        000000
__HidataCOMRAM                 idataCOMRAM  000000
__Hidloc                       idloc        200008
__Hifardata                    ifardata     000000
__Hinit                        init         00107E
__Hintcode                     intcode      00107E
__Hintcode_body                intcode_body 000000
__Hintcodelo                   intcodelo    00107E
__Hintentry                    intentry     000000
__Hintret                      intret       000000
__Hintsave_regs                intsave_regs 000000
__Hirdata                      irdata       000000
__Hmediumconst                 mediumconst  000000
__Hnvbit                       nvbit        000000
__Hnvrram                      nvrram       000000
__Hparam                       rparam       000000
__Hpowerup                     powerup      00107E
__Hram                         ram          000000
__Hramtop                      ramtop       000800
__Hrbit                        rbit         000000
__Hrbss                        rbss         000000
__Hrdata                       rdata        000000
__Hreset_vec                   reset_vec    001004
__Hrparam                      rparam       000000
__Hsfr                         sfr          000000
__Hsmallconst                  smallconst   000000
__Hstruct                      struct       000000
__Htemp                        temp         000000
__Htext                        text         000000
__Htext0                       text0        000000
__Htext1                       text1        000000
__Htext11                      text11       000000
__Htext12                      text12       000000
__Htext13                      text13       000000
__Htext2                       text2        000000
__Htext3                       text3        000000
__Htext4                       text4        000000
__Htext5                       text5        000000
__Htext6                       text6        000000
__Htext7                       text7        000000
__Htext8                       text8        000000
__Htext9                       text9        000000
__LRAM                         (abs)        000001
__Labs1                        abs1         000000
__Lbank0                       bank0        000000
__Lbank1                       bank1        000000
__Lbank2                       bank2        000000
__Lbank3                       bank3        000000
__Lbank4                       bank4        000000
__Lbank5                       bank5        000000
__Lbank6                       bank6        000000
__Lbank7                       bank7        000000
__Lbigbss                      bigbss       000000
__Lbigdata                     bigdata      000000
__Lbigram                      bigram       000000
__Lbss                         bss          000000
__LbssCOMRAM                   bssCOMRAM    000000
__Lcinit                       cinit        000000
__Lclrtext                     clrtext      000000
__Lcomram                      comram       000000
__Lconfig                      config       300000
__Lconst                       const        000000
__LcstackCOMRAM                cstackCOMRAM 000000
__Ldata                        data         000000
__LdataCOMRAM                  dataCOMRAM   000000
__Leeprom_data                 eeprom_data  000000
__Lend_init                    end_init     00107E
__Lfarbss                      farbss       000000
__Lfardata                     fardata      000000
__Libigdata                    ibigdata     000000
__Lidata                       idata        000000
__LidataCOMRAM                 idataCOMRAM  000000
__Lidloc                       idloc        200000
__Lifardata                    ifardata     000000
__Linit                        init         00107E
__Lintcode                     intcode      001008
__Lintcode_body                intcode_body 000000
__Lintcodelo                   intcodelo    00107E
__Lintentry                    intentry     000000
__Lintret                      intret       000000
__Lintsave_regs                intsave_regs 000000
__Lirdata                      irdata       000000
__Lmediumconst                 mediumconst  000000
__Lnvbit                       nvbit        000000
__Lnvrram                      nvrram       000000
__Lparam                       rparam       000000
__Lpowerup                     powerup      00107E
__Lram                         ram          000000
__Lramtop                      ramtop       000800
__Lrbit                        rbit         000000
__Lrbss                        rbss         000000
__Lrdata                       rdata        000000
__Lreset_vec                   reset_vec    001000
__Lrparam                      rparam       000000
__Lsfr                         sfr          000000
__Lsmallconst                  smallconst   000000
__Lstruct                      struct       000000
__Ltemp                        temp         000000
__Ltext                        text         000000
__Ltext0                       text0        000000
__Ltext1                       text1        000000
__Ltext11                      text11       000000
__Ltext12                      text12       000000
__Ltext13                      text13       000000
__Ltext2                       text2        000000
__Ltext3                       text3        000000
__Ltext4                       text4        000000
__Ltext5                       text5        000000
__Ltext6                       text6        000000
__Ltext7                       text7        000000
__Ltext8                       text8        000000
__Ltext9                       text9        000000
__S0                           (abs)        30000E
__S1                           (abs)        000059
___wmul                        text9        001410
___wmul@multiplicand           cstackCOMRAM 000017
___wmul@multiplier             cstackCOMRAM 000015
___wmul@product                cstackCOMRAM 000019
__accesstop                    (abs)        000060
__activetblptr                 (abs)        000000
__end_of_Delay10KTCYx          text3        0014EC
__end_of_ISR                   intcode      00107E
__end_of_InitRobot             text1        0014D4
__end_of_OpenTimer0            text8        0014A2
__end_of_WriteTimer0           text12       00153A
__end_of___wmul                text9        00144E
__end_of__initialization       cinit        00147A
__end_of_initClockCDRBot       text4        0014BC
__end_of_mInitMotors           text5        001516
__end_of_main                  text0        001410
__end_of_moveRobot             text2        001502
__end_of_moveRobotSpeed        text6        0012AA
__end_of_servoInterrupt        text11       00119E
__end_of_setServoSpeed         text7        001372
__initialization               cinit        00144E
__mediumconst                  mediumconst  000000
__pbssCOMRAM                   bssCOMRAM    000051
__pcinit                       cinit        00144E
__pcstackCOMRAM                cstackCOMRAM 000001
__pdataCOMRAM                  dataCOMRAM   00003F
__pidataCOMRAM                 idataCOMRAM  001516
__pintcode                     intcode      001008
__ptext0                       text0        001372
__ptext1                       text1        0014BC
__ptext11                      text11       001082
__ptext12                      text12       001528
__ptext13                      text13       000000
__ptext2                       text2        0014EC
__ptext3                       text3        0014D4
__ptext4                       text4        0014A2
__ptext5                       text5        001502
__ptext6                       text6        00119E
__ptext7                       text7        0012AA
__ptext8                       text8        001480
__ptext9                       text9        001410
__ramtop                       ramtop       000800
__size_of_Delay10KTCYx         (abs)        000000
__size_of_ISR                  (abs)        000000
__size_of_InitRobot            (abs)        000000
__size_of_OpenTimer0           (abs)        000000
__size_of_WriteTimer0          (abs)        000000
__size_of___wmul               (abs)        000000
__size_of_initClockCDRBot      (abs)        000000
__size_of_mInitMotors          (abs)        000000
__size_of_main                 (abs)        000000
__size_of_moveRobot            (abs)        000000
__size_of_moveRobotSpeed       (abs)        000000
__size_of_servoInterrupt       (abs)        000000
__size_of_setServoSpeed        (abs)        000000
__smallconst                   smallconst   000000
_enableServo                   bssCOMRAM    000051
_initClockCDRBot               text4        0014A2
_mInitMotors                   text5        001502
_main                          text0        001372
_moveRobot                     text2        0014EC
_moveRobotSpeed                text6        00119E
_servoInterrupt                text11       001082
_setServoSpeed                 text7        0012AA
_zeroServo                     dataCOMRAM   00004D
end_of_initialization          cinit        00147A
intlevel0                      text         000000
intlevel1                      text         000000
intlevel2                      text         000000
intlevel3                      text         000000
main@F7180                     dataCOMRAM   00003F
main@i                         cstackCOMRAM 00003E
main@prueba                    cstackCOMRAM 000034
moveRobot@direction            cstackCOMRAM 000031
moveRobotSpeed@direction       cstackCOMRAM 000027
moveRobotSpeed@speed           cstackCOMRAM 000029
moveRobotSpeed@speedLeftServo  cstackCOMRAM 00002D
moveRobotSpeed@speedRightServo cstackCOMRAM 00002F
setServoSpeed@servoID          cstackCOMRAM 00001B
setServoSpeed@speed            cstackCOMRAM 00001D
start                          init         00107E
start_initialization           cinit        00144E


FUNCTION INFORMATION:

 *************** function _main *****************
 Defined at:
		line 16 in file "../main.c"
 Parameters:    Size  Location     Type
		None
 Auto vars:     Size  Location     Type
  prueba         10   51[COMRAM] int [5]
  i               1   61[COMRAM] unsigned char 
 Return value:  Size  Location     Type
		None               void
 Registers used:
		wreg, fsr0l, fsr0h, fsr1l, fsr1h, fsr2l, fsr2h, status,2, status,0, pclat, tosl, structret, tblptrl, tblptrh, tblptru, prodl, prodh, bsr, cstack
 Tracked objects:
		On entry : 
		On exit  : 
		Unchanged: 
 Data sizes:     COMRAM   BANK0   BANK1   BANK2   BANK3   BANK4   BANK5   BANK6   BANK7
      Params:         0       0       0       0       0       0       0       0       0
      Locals:        11       0       0       0       0       0       0       0       0
      Temps:          1       0       0       0       0       0       0       0       0
      Totals:        12       0       0       0       0       0       0       0       0
Total ram usage:       12 bytes
 Hardware stack levels required when called:    7
 This function calls:
		_InitRobot
		_moveRobot
		_Delay10KTCYx
 This function is called by:
		Startup code after reset
 This function uses a non-reentrant model


 *************** function _InitRobot *****************
 Defined at:
		line 48 in file "../cdrbot.c"
 Parameters:    Size  Location     Type
		None
 Auto vars:     Size  Location     Type
		None
 Return value:  Size  Location     Type
		None               void
 Registers used:
		wreg, fsr0l, fsr0h, fsr1l, fsr1h, fsr2l, fsr2h, status,2, status,0, pclat, tosl, structret, tblptrl, tblptrh, tblptru, prodl, prodh, bsr, cstack
 Tracked objects:
		On entry : 
		On exit  : 
		Unchanged: 
 Data sizes:     COMRAM   BANK0   BANK1   BANK2   BANK3   BANK4   BANK5   BANK6   BANK7
      Params:         0       0       0       0       0       0       0       0       0
      Locals:         0       0       0       0       0       0       0       0       0
      Temps:          0       0       0       0       0       0       0       0       0
      Totals:         0       0       0       0       0       0       0       0       0
Total ram usage:        0 bytes
 Hardware stack levels used:    1
 Hardware stack levels required when called:    5
 This function calls:
		_initClockCDRBot
		_mInitMotors
 This function is called by:
		_main
 This function uses a non-reentrant model


 *************** function _moveRobot *****************
 Defined at:
		line 91 in file "../cdrbot.c"
 Parameters:    Size  Location     Type
  direction       2   48[COMRAM] unsigned int 
 Auto vars:     Size  Location     Type
		None
 Return value:  Size  Location     Type
		None               void
 Registers used:
		wreg, fsr0l, fsr0h, fsr1l, fsr1h, fsr2l, fsr2h, status,2, status,0, pclat, tosl, structret, tblptrl, tblptrh, tblptru, prodl, prodh, bsr, cstack
 Tracked objects:
		On entry : 
		On exit  : 
		Unchanged: 
 Data sizes:     COMRAM   BANK0   BANK1   BANK2   BANK3   BANK4   BANK5   BANK6   BANK7
      Params:         2       0       0       0       0       0       0       0       0
      Locals:         0       0       0       0       0       0       0       0       0
      Temps:          0       0       0       0       0       0       0       0       0
      Totals:         2       0       0       0       0       0       0       0       0
Total ram usage:        2 bytes
 Hardware stack levels used:    1
 Hardware stack levels required when called:    6
 This function calls:
		_moveRobotSpeed
 This function is called by:
		_main
 This function uses a non-reentrant model


 *************** function _Delay10KTCYx *****************
 Defined at:
		line 9 in file "../common/d10ktcyx.c"
 Parameters:    Size  Location     Type
  unit            1   20[COMRAM] unsigned char 
 Auto vars:     Size  Location     Type
		None
 Return value:  Size  Location     Type
		None               void
 Registers used:
		wreg
 Tracked objects:
		On entry : 
		On exit  : 
		Unchanged: 
 Data sizes:     COMRAM   BANK0   BANK1   BANK2   BANK3   BANK4   BANK5   BANK6   BANK7
      Params:         1       0       0       0       0       0       0       0       0
      Locals:         0       0       0       0       0       0       0       0       0
      Temps:          1       0       0       0       0       0       0       0       0
      Totals:         2       0       0       0       0       0       0       0       0
Total ram usage:        2 bytes
 Hardware stack levels used:    1
 Hardware stack levels required when called:    3
 This function calls:
		Nothing
 This function is called by:
		_main
 This function uses a non-reentrant model


 *************** function _initClockCDRBot *****************
 Defined at:
		line 25 in file "../cdrbot.c"
 Parameters:    Size  Location     Type
		None
 Auto vars:     Size  Location     Type
		None
 Return value:  Size  Location     Type
		None               void
 Registers used:
		wreg, status,2
 Tracked objects:
		On entry : 
		On exit  : 
		Unchanged: 
 Data sizes:     COMRAM   BANK0   BANK1   BANK2   BANK3   BANK4   BANK5   BANK6   BANK7
      Params:         0       0       0       0       0       0       0       0       0
      Locals:         0       0       0       0       0       0       0       0       0
      Temps:          0       0       0       0       0       0       0       0       0
      Totals:         0       0       0       0       0       0       0       0       0
Total ram usage:        0 bytes
 Hardware stack levels used:    1
 Hardware stack levels required when called:    3
 This function calls:
		Nothing
 This function is called by:
		_InitRobot
 This function uses a non-reentrant model


 *************** function _mInitMotors *****************
 Defined at:
		line 23 in file "../motors.c"
 Parameters:    Size  Location     Type
		None
 Auto vars:     Size  Location     Type
		None
 Return value:  Size  Location     Type
		None               void
 Registers used:
		wreg, fsr0l, fsr0h, fsr1l, fsr1h, fsr2l, fsr2h, status,2, status,0, pclat, tosl, structret, tblptrl, tblptrh, tblptru, prodl, prodh, bsr, cstack
 Tracked objects:
		On entry : 
		On exit  : 
		Unchanged: 
 Data sizes:     COMRAM   BANK0   BANK1   BANK2   BANK3   BANK4   BANK5   BANK6   BANK7
      Params:         0       0       0       0       0       0       0       0       0
      Locals:         0       0       0       0       0       0       0       0       0
      Temps:          1       0       0       0       0       0       0       0       0
      Totals:         1       0       0       0       0       0       0       0       0
Total ram usage:        1 bytes
 Hardware stack levels used:    1
 Hardware stack levels required when called:    4
 This function calls:
		_OpenTimer0
 This function is called by:
		_InitRobot
 This function uses a non-reentrant model


 *************** function _moveRobotSpeed *****************
 Defined at:
		line 57 in file "../cdrbot.c"
 Parameters:    Size  Location     Type
  direction       2   38[COMRAM] unsigned int 
  speed           2   40[COMRAM] unsigned int 
 Auto vars:     Size  Location     Type
  speedRightSe    2   46[COMRAM] int 
  speedLeftSer    2   44[COMRAM] int 
 Return value:  Size  Location     Type
		None               void
 Registers used:
		wreg, fsr0l, fsr0h, fsr1l, fsr1h, fsr2l, fsr2h, status,2, status,0, pclat, tosl, structret, tblptrl, tblptrh, tblptru, prodl, prodh, bsr, cstack
 Tracked objects:
		On entry : 
		On exit  : 
		Unchanged: 
 Data sizes:     COMRAM   BANK0   BANK1   BANK2   BANK3   BANK4   BANK5   BANK6   BANK7
      Params:         4       0       0       0       0       0       0       0       0
      Locals:         4       0       0       0       0       0       0       0       0
      Temps:          2       0       0       0       0       0       0       0       0
      Totals:        10       0       0       0       0       0       0       0       0
Total ram usage:       10 bytes
 Hardware stack levels used:    1
 Hardware stack levels required when called:    5
 This function calls:
		_setServoSpeed
 This function is called by:
		_moveRobot
 This function uses a non-reentrant model


 *************** function _setServoSpeed *****************
 Defined at:
		line 59 in file "../motors.c"
 Parameters:    Size  Location     Type
  servoID         2   26[COMRAM] unsigned int 
  speed           2   28[COMRAM] int 
 Auto vars:     Size  Location     Type
		None
 Return value:  Size  Location     Type
		None               void
 Registers used:
		wreg, fsr0l, fsr0h, fsr1l, fsr1h, fsr2l, fsr2h, status,2, status,0, pclat, tosl, structret, tblptrl, tblptrh, tblptru, prodl, prodh, bsr, cstack
 Tracked objects:
		On entry : 
		On exit  : 
		Unchanged: 
 Data sizes:     COMRAM   BANK0   BANK1   BANK2   BANK3   BANK4   BANK5   BANK6   BANK7
      Params:         4       0       0       0       0       0       0       0       0
      Locals:         0       0       0       0       0       0       0       0       0
      Temps:          8       0       0       0       0       0       0       0       0
      Totals:        12       0       0       0       0       0       0       0       0
Total ram usage:       12 bytes
 Hardware stack levels used:    1
 Hardware stack levels required when called:    4
 This function calls:
		___wmul
 This function is called by:
		_moveRobotSpeed
 This function uses a non-reentrant model


 *************** function _OpenTimer0 *****************
 Defined at:
		line 19 in file "plib/Timers/t0open.c"
 Parameters:    Size  Location     Type
  config          1   20[COMRAM] unsigned char 
 Auto vars:     Size  Location     Type
		None
 Return value:  Size  Location     Type
		None               void
 Registers used:
		wreg, status,2, status,0
 Tracked objects:
		On entry : 
		On exit  : 
		Unchanged: 
 Data sizes:     COMRAM   BANK0   BANK1   BANK2   BANK3   BANK4   BANK5   BANK6   BANK7
      Params:         1       0       0       0       0       0       0       0       0
      Locals:         0       0       0       0       0       0       0       0       0
      Temps:          0       0       0       0       0       0       0       0       0
      Totals:         1       0       0       0       0       0       0       0       0
Total ram usage:        1 bytes
 Hardware stack levels used:    1
 Hardware stack levels required when called:    3
 This function calls:
		Nothing
 This function is called by:
		_mInitMotors
 This function uses a non-reentrant model


 *************** function ___wmul *****************
 Defined at:
		line 3 in file "/opt/microchip/xc8/v1.11/sources/wmul.c"
 Parameters:    Size  Location     Type
  multiplier      2   20[COMRAM] unsigned int 
  multiplicand    2   22[COMRAM] unsigned int 
 Auto vars:     Size  Location     Type
  product         2   24[COMRAM] unsigned int 
 Return value:  Size  Location     Type
                  2   20[COMRAM] unsigned int 
 Registers used:
		wreg, status,2, status,0
 Tracked objects:
		On entry : 
		On exit  : 
		Unchanged: 
 Data sizes:     COMRAM   BANK0   BANK1   BANK2   BANK3   BANK4   BANK5   BANK6   BANK7
      Params:         4       0       0       0       0       0       0       0       0
      Locals:         2       0       0       0       0       0       0       0       0
      Temps:          0       0       0       0       0       0       0       0       0
      Totals:         6       0       0       0       0       0       0       0       0
Total ram usage:        6 bytes
 Hardware stack levels used:    1
 Hardware stack levels required when called:    3
 This function calls:
		Nothing
 This function is called by:
		_setServoSpeed
 This function uses a non-reentrant model


 *************** function _ISR *****************
 Defined at:
		line 39 in file "../main.c"
 Parameters:    Size  Location     Type
		None
 Auto vars:     Size  Location     Type
		None
 Return value:  Size  Location     Type
		None               void
 Registers used:
		wreg, fsr2l, fsr2h, status,2, status,0, prodl, prodh, cstack
 Tracked objects:
		On entry : 
		On exit  : 
		Unchanged: 
 Data sizes:     COMRAM   BANK0   BANK1   BANK2   BANK3   BANK4   BANK5   BANK6   BANK7
      Params:         0       0       0       0       0       0       0       0       0
      Locals:         0       0       0       0       0       0       0       0       0
      Temps:         14       0       0       0       0       0       0       0       0
      Totals:        14       0       0       0       0       0       0       0       0
Total ram usage:       14 bytes
 Hardware stack levels used:    1
 Hardware stack levels required when called:    2
 This function calls:
		_servoInterrupt
 This function is called by:
		Interrupt level 2
 This function uses a non-reentrant model


 *************** function _servoInterrupt *****************
 Defined at:
		line 35 in file "../motors.c"
 Parameters:    Size  Location     Type
		None
 Auto vars:     Size  Location     Type
		None
 Return value:  Size  Location     Type
		None               void
 Registers used:
		wreg, fsr2l, fsr2h, status,2, status,0, prodl, prodh, cstack
 Tracked objects:
		On entry : 
		On exit  : 
		Unchanged: 
 Data sizes:     COMRAM   BANK0   BANK1   BANK2   BANK3   BANK4   BANK5   BANK6   BANK7
      Params:         0       0       0       0       0       0       0       0       0
      Locals:         0       0       0       0       0       0       0       0       0
      Temps:          2       0       0       0       0       0       0       0       0
      Totals:         2       0       0       0       0       0       0       0       0
Total ram usage:        2 bytes
 Hardware stack levels used:    1
 Hardware stack levels required when called:    1
 This function calls:
		_WriteTimer0
 This function is called by:
		_ISR
 This function uses a non-reentrant model


 *************** function _WriteTimer0 *****************
 Defined at:
		line 17 in file "plib/Timers/t0write.c"
 Parameters:    Size  Location     Type
  timer0          2    0[COMRAM] unsigned int 
 Auto vars:     Size  Location     Type
  timer           2    2[COMRAM] struct Timers
 Return value:  Size  Location     Type
		None               void
 Registers used:
		None
 Tracked objects:
		On entry : 
		On exit  : 
		Unchanged: 
 Data sizes:     COMRAM   BANK0   BANK1   BANK2   BANK3   BANK4   BANK5   BANK6   BANK7
      Params:         2       0       0       0       0       0       0       0       0
      Locals:         2       0       0       0       0       0       0       0       0
      Temps:          0       0       0       0       0       0       0       0       0
      Totals:         4       0       0       0       0       0       0       0       0
Total ram usage:        4 bytes
 Hardware stack levels used:    1
 This function calls:
		Nothing
 This function is called by:
		_servoInterrupt
 This function uses a non-reentrant model



MODULE INFORMATION

Module		Function		Class		Link	Load	Size
../main.c
		_ISR           		CODE           	1008	0000	118
		_main          		CODE           	1372	0000	158

../main.c estimated size: 276

plib/Timers/t0open.c
		_OpenTimer0    		CODE           	1480	0000	34

plib/Timers/t0open.c estimated size: 34

../common/d10ktcyx.c
		_Delay10KTCYx  		CODE           	14D4	0000	24

../common/d10ktcyx.c estimated size: 24

shared
		__initializatio		CODE           	144E	0000	44

shared estimated size: 44

plib/Timers/t0write.c
		_WriteTimer0   		CODE           	1528	0000	18

plib/Timers/t0write.c estimated size: 18

/opt/microchip/xc8/v1.11/sources/wmul.c
		___wmul        		CODE           	1410	0000	62

/opt/microchip/xc8/v1.11/sources/wmul.c estimated size: 62

../motors.c
		_mInitMotors   		CODE           	1502	0000	20
		_setServoSpeed 		CODE           	12AA	0000	200
		_servoInterrupt		CODE           	1082	0000	284

../motors.c estimated size: 504

../cdrbot.c
		_moveRobot     		CODE           	14EC	0000	22
		_moveRobotSpeed		CODE           	119E	0000	268
		_InitRobot     		CODE           	14BC	0000	24
		_initClockCDRBo		CODE           	14A2	0000	26

../cdrbot.c estimated size: 340

