Microchip MPLAB XC8 Compiler V1.12 ()

Linker command line:

--edf=/opt/microchip/xc8/v1.12/dat/en_msgs.txt -cs \
  -h+dist/pic18f25k50/production/CdRbot.X.production.sym -z -Q18F25K50 \
  -ol.obj -Mdist/pic18f25k50/production/CdRbot.X.production.map -E1 \
  -ver=XC8 -ACODE=01000h-07FFFh -ACONST=01000h-07FFFh \
  -ASMALLCONST=01000h-010FFhx112 -AMEDIUMCONST=01000h-07FFFh \
  -ACOMRAM=01h-05Fh -AABS1=00h-07FFh -ABIGRAM=01h-07FFh \
  -ARAM=060h-0FFh,0100h-01FFhx7 -ABANK0=060h-0FFh -ABANK1=0100h-01FFh \
  -ABANK2=0200h-02FFh -ABANK3=0300h-03FFh -ABANK4=0400h-04FFh \
  -ABANK5=0500h-05FFh -ABANK6=0600h-06FFh -ABANK7=0700h-07FFh \
  -ASFR=0F53h-0F5Fh,0F60h-0FFFh \
  -preset_vec=01000h,intcode=01008h,intcodelo,powerup,init,end_init \
  -pramtop=0800h -psmallconst=SMALLCONST -pmediumconst=MEDIUMCONST \
  -pconst=CONST -AFARRAM=00h-00h -ACONFIG=0300000h-030000Dh -pconfig=CONFIG \
  -AIDLOC=0200000h-0200007h -pidloc=IDLOC -AEEDATA=0F00000h-0F000FFh \
  -peeprom_data=EEDATA \
  -prdata=COMRAM,nvrram=COMRAM,nvbit=COMRAM,rbss=COMRAM,rbit=COMRAM \
  -pfarbss=FARRAM,fardata=FARRAM \
  -pintsave_regs=BIGRAM,bigbss=BIGRAM,bigdata=BIGRAM -pbss=RAM \
  -pidata=CODE,irdata=CODE,ibigdata=CODE,ifardata=CODE /tmp/cgt4NlJR2.obj \
  dist/pic18f25k50/production/CdRbot.X.production.obj 

Object code version is 3.10

Machine type is 18F25K50

Call graph: (short form)




                Name                               Link     Load   Length Selector   Space Scale
/tmp/cgt4NlJR2.obj
                end_init                           1086     1086        4      804       0
                reset_vec                          1000     1000        4      800       0
                idloc                            200000   200000        8   200000       0
                config                           300000   300000        E   300000       0
dist/pic18f25k50/production/CdRbot.X.production.obj
                intcode                            1008     1008       7E      804       0
                smallconst                         108A     108A       10      845       0
                text30                             1B1A     1B1A       1C      84D       0
                text29                             19F0     19F0       38      84D       0
                text28                             1BA0     1BA0       12      84D       0
                text27                             1B8E     1B8E       12      84D       0
                text26                             1B7C     1B7C       12      84D       0
                text25                             1230     1230      13A      84D       0
                text24                             148E     148E      11C      84D       0
                text23                             1ABE     1ABE       20      84D       0
                text21                             1978     1978       3E      84D       0
                text20                             183A     183A       5C      84D       0
                text19                             1766     1766       6C      84D       0
                text18                             1BB2     1BB2       10      84D       0
                text17                             1BD2     1BD2        6      DE9       0
                text16                             16F2     16F2       74      84D       0
                text15                             1AFC     1AFC       1E      84D       0
                text14                             19B6     19B6       3A      84D       0
                text13                             1A28     1A28       30      84D       0
                text12                             18EC     18EC       4A      84D       0
                text11                             1A7C     1A7C       22      84D       0
                text10                             15AA     15AA       C8      84D       0
                text9                              136A     136A      124      84D       0
                text8                              1936     1936       42      84D       0
                text7                              17D2     17D2       68      84D       0
                text6                              1B66     1B66       16      84D       0
                text5                              1B36     1B36       1A      84D       0
                text4                              1B50     1B50       16      84D       0
                text3                              109A     109A      196      84D       0
                text2                              1ADE     1ADE       1E      84D       0
                text1                              1A58     1A58       24      84D       0
                text0                              1672     1672       80      84D       0
                cstackCOMRAM                          1        1       30        1       1
                cstackBANK0                          60       60       2C       60       1
                dataBANK0                            8C       8C       20       60       1
                dataCOMRAM                           31       31        F        1       1
                bssCOMRAM                            40       40        A        1       1
                cinit                              1896     1896       56      84D       0
                idataBANK0                         1A9E     1A9E       20      84D       0
                idataCOMRAM                        1BC2     1BC2        F      84D       0

TOTAL           Name                               Link     Load   Length     Space
        CLASS   CODE           
                end_init                           1086     1086        4         0
                intcode                            1008     1008       7E         0
                reset_vec                          1000     1000        4         0
                text30                             1B1A     1B1A       1C         0
                text29                             19F0     19F0       38         0
                text28                             1BA0     1BA0       12         0
                text27                             1B8E     1B8E       12         0
                text26                             1B7C     1B7C       12         0
                text25                             1230     1230      13A         0
                text24                             148E     148E      11C         0
                text23                             1ABE     1ABE       20         0
                text21                             1978     1978       3E         0
                text20                             183A     183A       5C         0
                text19                             1766     1766       6C         0
                text18                             1BB2     1BB2       10         0
                text17                             1BD2     1BD2        6         0
                text16                             16F2     16F2       74         0
                text15                             1AFC     1AFC       1E         0
                text14                             19B6     19B6       3A         0
                text13                             1A28     1A28       30         0
                text12                             18EC     18EC       4A         0
                text11                             1A7C     1A7C       22         0
                text10                             15AA     15AA       C8         0
                text9                              136A     136A      124         0
                text8                              1936     1936       42         0
                text7                              17D2     17D2       68         0
                text6                              1B66     1B66       16         0
                text5                              1B36     1B36       1A         0
                text4                              1B50     1B50       16         0
                text3                              109A     109A      196         0
                text2                              1ADE     1ADE       1E         0
                text1                              1A58     1A58       24         0
                text0                              1672     1672       80         0
                cinit                              1896     1896       56         0
                idataBANK0                         1A9E     1A9E       20         0
                idataCOMRAM                        1BC2     1BC2        F         0

        CLASS   CONST          

        CLASS   SMALLCONST     
                smallconst                         108A     108A       10         0

        CLASS   MEDIUMCONST    

        CLASS   COMRAM         
                cstackCOMRAM                          1        1       30         1
                dataCOMRAM                           31       31        F         1
                bssCOMRAM                            40       40        A         1

        CLASS   ABS1           

        CLASS   BIGRAM         

        CLASS   RAM            

        CLASS   BANK0          
                cstackBANK0                          60       60       2C         1
                dataBANK0                            8C       8C       20         1

        CLASS   BANK1          

        CLASS   BANK2          

        CLASS   BANK3          

        CLASS   BANK4          

        CLASS   BANK5          

        CLASS   BANK6          

        CLASS   BANK7          

        CLASS   SFR            

        CLASS   FARRAM         

        CLASS   CONFIG         
                config                           300000   300000        E         0

        CLASS   IDLOC          
                idloc                            200000   200000        8         0

        CLASS   EEDATA         



SEGMENTS        Name                           Load    Length   Top    Selector   Space  Class

                cstackCOMRAM                   000001  000049  00004A         1       1  COMRAM  
                cstackBANK0                    000060  00004C  0000AC        60       1  BANK0   
                reset_vec                      001000  000004  001004       800       0  CODE    
                intcode                        001008  000082  00108A       804       0  CODE    
                smallconst                     00108A  000010  00109A       845       0  SMALLCON
                text3                          00109A  000B37  001BD1       84D       0  CODE    
                text17                         001BD2  000006  001BD8       DE9       0  CODE    
                idloc                          200000  000008  200008    200000       0  IDLOC   
                config                         300000  00000E  30000E    300000       0  CONFIG  


UNUSED ADDRESS RANGES

        Name                Unused          Largest block    Delta
        BANK0            0000AC-0000FF               54
        BANK1            000100-0001FF              100
        BANK2            000200-0002FF              100
        BANK3            000300-0003FF              100
        BANK4            000400-0004FF              100
        BANK5            000500-0005FF              100
        BANK6            000600-0006FF              100
        BANK7            000700-0007FF              100
        BIGRAM           00004A-00005F               16
                         0000AC-0007FF              754
        CODE             001004-001007                4
                         001BD1-001BD1                1
                         001BD8-007FFF             6428
        COMRAM           00004A-00005F               16
        CONST            001004-001007                4
                         001BD1-001BD1                1
                         001BD8-007FFF             6428
        EEDATA           F00000-F000FF              100
        FARRAM           000000-000000                1
        MEDIUMCONST      001004-001007                4
                         001BD1-001BD1                1
                         001BD8-007FFF             6428
        RAM              0000AC-0007FF              100
        SFR              000F53-000FFF                D
        SMALLCONST       001004-001007                4
                         001BD1-001BD1                1
                         001BD8-007FFF              100

                                  Symbol Table

?_Open1USART                   cstackCOMRAM 000017
?_OpenPWM2                     cstackCOMRAM 000017
?_OpenTimer0                   cstackCOMRAM 000017
?_OpenTimer1                   cstackCOMRAM 000017
?_OpenTimer2                   cstackCOMRAM 000017
?_ReadTimer1                   cstackCOMRAM 000001
?_SetDCPWM2                    cstackCOMRAM 000017
?_Write1USART                  cstackCOMRAM 000002
?_WriteTimer0                  cstackCOMRAM 000001
?_WriteTimer1                  cstackCOMRAM 000001
?___lwdiv                      cstackCOMRAM 000017
?___lwmod                      cstackCOMRAM 00001F
?___wmul                       cstackCOMRAM 000017
?_baud1USART                   cstackCOMRAM 000017
?_moveRobot                    cstackCOMRAM 00002F
?_moveRobotSpeed               cstackCOMRAM 000029
?_printf                       cstackCOMRAM 000025
?_putch                        cstackCOMRAM 000017
?_setServoSpeed                cstackCOMRAM 00001D
Open1USART@config              cstackCOMRAM 000017
Open1USART@spbrg               cstackCOMRAM 000018
OpenPWM2@period                cstackCOMRAM 000017
OpenPWM2@timer_source          cstackCOMRAM 000018
OpenTimer0@config              cstackCOMRAM 000017
OpenTimer1@config              cstackCOMRAM 000017
OpenTimer1@config1             cstackCOMRAM 000018
OpenTimer2@config              cstackCOMRAM 000017
Read1USART@data                cstackCOMRAM 000001
ReadTimer1@timer               cstackCOMRAM 000003
SetDCPWM2@DCycle               cstackCOMRAM 00001B
SetDCPWM2@dutycycle            cstackCOMRAM 000017
Write1USART@data               cstackCOMRAM 000002
WriteTimer0@timer              cstackCOMRAM 000003
WriteTimer0@timer0             cstackCOMRAM 000001
WriteTimer1@timer              cstackCOMRAM 000003
WriteTimer1@timer1             cstackCOMRAM 000001
_ANSELBbits                    (abs)        000F5C
_ANSELC                        (abs)        000F5D
_BAUDCON1                      (abs)        000FB8
_CCP2CON                       (abs)        000F97
_CCPR2L                        (abs)        000F90
_CCPTMRS                       (abs)        000F59
_INTCON2bits                   (abs)        000FF1
_INTCONbits                    (abs)        000FF2
_ISR                           intcode      001008
_InitRobot                     text1        001A58
_LATB                          (abs)        000F8A
_LATBbits                      (abs)        000F8A
_LATC                          (abs)        000F8B
_LATCbits                      (abs)        000F8B
_OSCCON                        (abs)        000FD3
_OSCCON2                       (abs)        000FD2
_OSCCON2bits                   (abs)        000FD2
_OSCTUNE                       (abs)        000F9B
_Open1USART                    text16       0016F2
_OpenPWM2                      text13       001A28
_OpenTimer0                    text11       001A7C
_OpenTimer1                    text12       0018EC
_OpenTimer2                    text15       001AFC
_PIE1bits                      (abs)        000F9D
_PIE3bits                      (abs)        000FA3
_PIR1bits                      (abs)        000F9E
_PIR3bits                      (abs)        000FA4
_PR2                           (abs)        000FBB
_RCONbits                      (abs)        000FD0
_RCREG1                        (abs)        000FAE
_RCSTA1                        (abs)        000FAB
_RCSTA1bits                    (abs)        000FAB
_Read1USART                    text29       0019F0
_ReadTimer1                    text28       001BA0
_SPBRG1                        (abs)        000FAF
_SPBRGH1                       (abs)        000FB0
_Serial                        bssCOMRAM    000046
_Servo                         bssCOMRAM    000047
_Servo_Idx                     bssCOMRAM    000048
_Servo_PWM                     dataCOMRAM   000038
_SetDCPWM2                     text14       0019B6
_T0CON                         (abs)        000FD5
_T0CONbits                     (abs)        000FD5
_T1CON                         (abs)        000FCD
_T1CONbits                     (abs)        000FCD
_T1GCON                        (abs)        000FCC
_T1GCONbits                    (abs)        000FCC
_T2CON                         (abs)        000FBA
_T2CONbits                     (abs)        000FBA
_TMR0H                         (abs)        000FD7
_TMR0L                         (abs)        000FD6
_TMR1H                         (abs)        000FCF
_TMR1L                         (abs)        000FCE
_TMR2                          (abs)        000FBC
_TRISB                         (abs)        000F93
_TRISBbits                     (abs)        000F93
_TRISC                         (abs)        000F94
_TRISCbits                     (abs)        000F94
_TXREG                         (abs)        000FAD
_TXREG1                        (abs)        000FAD
_TXSTA1                        (abs)        000FAC
_TXSTA1bits                    (abs)        000FAC
_Ticks4NextInterrupt           bssCOMRAM    000044
_USART1_Status                 bssCOMRAM    000049
_Write1USART                   text30       001B1A
_WriteTimer0                   text26       001B7C
_WriteTimer1                   text27       001B8E
__CFG_BOREN$OFF                (abs)        000000
__CFG_BORV$220                 (abs)        000000
__CFG_CCP2MX$RB3               (abs)        000000
__CFG_CFGPLLEN$OFF             (abs)        000000
__CFG_CP0$OFF                  (abs)        000000
__CFG_CP1$OFF                  (abs)        000000
__CFG_CP2$OFF                  (abs)        000000
__CFG_CP3$OFF                  (abs)        000000
__CFG_CPB$OFF                  (abs)        000000
__CFG_CPD$OFF                  (abs)        000000
__CFG_CPUDIV$NOCLKDIV          (abs)        000000
__CFG_EBTR0$OFF                (abs)        000000
__CFG_EBTR1$OFF                (abs)        000000
__CFG_EBTR2$OFF                (abs)        000000
__CFG_EBTR3$OFF                (abs)        000000
__CFG_EBTRB$OFF                (abs)        000000
__CFG_FCMEN$OFF                (abs)        000000
__CFG_FOSC$INTOSCIO            (abs)        000000
__CFG_ICPRT$OFF                (abs)        000000
__CFG_IESO$OFF                 (abs)        000000
__CFG_LS48MHZ$SYS48X8          (abs)        000000
__CFG_LVP$OFF                  (abs)        000000
__CFG_MCLRE$ON                 (abs)        000000
__CFG_PBADEN$OFF               (abs)        000000
__CFG_PCLKEN$OFF               (abs)        000000
__CFG_PLLSEL$PLL3X             (abs)        000000
__CFG_SDOMX$RC7                (abs)        000000
__CFG_STVREN$OFF               (abs)        000000
__CFG_T3CMX$RC0                (abs)        000000
__CFG_WDTEN$OFF                (abs)        000000
__CFG_WDTPS$32768              (abs)        000000
__CFG_WRT0$OFF                 (abs)        000000
__CFG_WRT1$OFF                 (abs)        000000
__CFG_WRT2$OFF                 (abs)        000000
__CFG_WRT3$OFF                 (abs)        000000
__CFG_WRTB$OFF                 (abs)        000000
__CFG_WRTC$OFF                 (abs)        000000
__CFG_WRTD$OFF                 (abs)        000000
__CFG_XINST$OFF                (abs)        000000
__CFG_nLPBOR$OFF               (abs)        000000
__CFG_nPWRTEN$OFF              (abs)        000000
__HRAM                         (abs)        000000
__Habs1                        abs1         000000
__Hbank0                       bank0        000000
__Hbank1                       bank1        000000
__Hbank2                       bank2        000000
__Hbank3                       bank3        000000
__Hbank4                       bank4        000000
__Hbank5                       bank5        000000
__Hbank6                       bank6        000000
__Hbank7                       bank7        000000
__Hbigbss                      bigbss       000000
__Hbigdata                     bigdata      000000
__Hbigram                      bigram       000000
__Hbss                         bss          000000
__HbssCOMRAM                   bssCOMRAM    000000
__Hcinit                       cinit        000000
__Hclrtext                     clrtext      000000
__Hcomram                      comram       000000
__Hconfig                      config       30000E
__Hconst                       const        000000
__HcstackBANK0                 cstackBANK0  000000
__HcstackCOMRAM                cstackCOMRAM 000000
__Hdata                        data         000000
__HdataBANK0                   dataBANK0    000000
__HdataCOMRAM                  dataCOMRAM   000000
__Heeprom_data                 eeprom_data  000000
__Hend_init                    end_init     00108A
__Hfarbss                      farbss       000000
__Hfardata                     fardata      000000
__Hibigdata                    ibigdata     000000
__Hidata                       idata        000000
__HidataBANK0                  idataBANK0   000000
__HidataCOMRAM                 idataCOMRAM  000000
__Hidloc                       idloc        200008
__Hifardata                    ifardata     000000
__Hinit                        init         001086
__Hintcode                     intcode      001086
__Hintcode_body                intcode_body 000000
__Hintcodelo                   intcodelo    001086
__Hintentry                    intentry     000000
__Hintret                      intret       000000
__Hintsave_regs                intsave_regs 000000
__Hirdata                      irdata       000000
__Hmediumconst                 mediumconst  000000
__Hnvbit                       nvbit        000000
__Hnvrram                      nvrram       000000
__Hparam                       rparam       000000
__Hpowerup                     powerup      001086
__Hram                         ram          000000
__Hramtop                      ramtop       000800
__Hrbit                        rbit         000000
__Hrbss                        rbss         000000
__Hrdata                       rdata        000000
__Hreset_vec                   reset_vec    001004
__Hrparam                      rparam       000000
__Hsfr                         sfr          000000
__Hsmallconst                  smallconst   00109A
__Hstruct                      struct       000000
__Htemp                        temp         000000
__Htext                        text         000000
__Htext0                       text0        000000
__Htext1                       text1        000000
__Htext10                      text10       000000
__Htext11                      text11       000000
__Htext12                      text12       000000
__Htext13                      text13       000000
__Htext14                      text14       000000
__Htext15                      text15       000000
__Htext16                      text16       000000
__Htext17                      text17       000000
__Htext18                      text18       000000
__Htext19                      text19       000000
__Htext2                       text2        000000
__Htext20                      text20       000000
__Htext21                      text21       000000
__Htext23                      text23       000000
__Htext24                      text24       000000
__Htext25                      text25       000000
__Htext26                      text26       000000
__Htext27                      text27       000000
__Htext28                      text28       000000
__Htext29                      text29       000000
__Htext3                       text3        000000
__Htext30                      text30       000000
__Htext4                       text4        000000
__Htext5                       text5        000000
__Htext6                       text6        000000
__Htext7                       text7        000000
__Htext8                       text8        000000
__Htext9                       text9        000000
__LRAM                         (abs)        000001
__Labs1                        abs1         000000
__Lbank0                       bank0        000000
__Lbank1                       bank1        000000
__Lbank2                       bank2        000000
__Lbank3                       bank3        000000
__Lbank4                       bank4        000000
__Lbank5                       bank5        000000
__Lbank6                       bank6        000000
__Lbank7                       bank7        000000
__Lbigbss                      bigbss       000000
__Lbigdata                     bigdata      000000
__Lbigram                      bigram       000000
__Lbss                         bss          000000
__LbssCOMRAM                   bssCOMRAM    000000
__Lcinit                       cinit        000000
__Lclrtext                     clrtext      000000
__Lcomram                      comram       000000
__Lconfig                      config       300000
__Lconst                       const        000000
__LcstackBANK0                 cstackBANK0  000000
__LcstackCOMRAM                cstackCOMRAM 000000
__Ldata                        data         000000
__LdataBANK0                   dataBANK0    000000
__LdataCOMRAM                  dataCOMRAM   000000
__Leeprom_data                 eeprom_data  000000
__Lend_init                    end_init     001086
__Lfarbss                      farbss       000000
__Lfardata                     fardata      000000
__Libigdata                    ibigdata     000000
__Lidata                       idata        000000
__LidataBANK0                  idataBANK0   000000
__LidataCOMRAM                 idataCOMRAM  000000
__Lidloc                       idloc        200000
__Lifardata                    ifardata     000000
__Linit                        init         001086
__Lintcode                     intcode      001008
__Lintcode_body                intcode_body 000000
__Lintcodelo                   intcodelo    001086
__Lintentry                    intentry     000000
__Lintret                      intret       000000
__Lintsave_regs                intsave_regs 000000
__Lirdata                      irdata       000000
__Lmediumconst                 mediumconst  000000
__Lnvbit                       nvbit        000000
__Lnvrram                      nvrram       000000
__Lparam                       rparam       000000
__Lpowerup                     powerup      001086
__Lram                         ram          000000
__Lramtop                      ramtop       000800
__Lrbit                        rbit         000000
__Lrbss                        rbss         000000
__Lrdata                       rdata        000000
__Lreset_vec                   reset_vec    001000
__Lrparam                      rparam       000000
__Lsfr                         sfr          000000
__Lsmallconst                  smallconst   00108A
__Lstruct                      struct       000000
__Ltemp                        temp         000000
__Ltext                        text         000000
__Ltext0                       text0        000000
__Ltext1                       text1        000000
__Ltext10                      text10       000000
__Ltext11                      text11       000000
__Ltext12                      text12       000000
__Ltext13                      text13       000000
__Ltext14                      text14       000000
__Ltext15                      text15       000000
__Ltext16                      text16       000000
__Ltext17                      text17       000000
__Ltext18                      text18       000000
__Ltext19                      text19       000000
__Ltext2                       text2        000000
__Ltext20                      text20       000000
__Ltext21                      text21       000000
__Ltext23                      text23       000000
__Ltext24                      text24       000000
__Ltext25                      text25       000000
__Ltext26                      text26       000000
__Ltext27                      text27       000000
__Ltext28                      text28       000000
__Ltext29                      text29       000000
__Ltext3                       text3        000000
__Ltext30                      text30       000000
__Ltext4                       text4        000000
__Ltext5                       text5        000000
__Ltext6                       text6        000000
__Ltext7                       text7        000000
__Ltext8                       text8        000000
__Ltext9                       text9        000000
__S0                           (abs)        30000E
__S1                           (abs)        0000AC
___lwdiv                       text19       001766
___lwdiv@counter               cstackCOMRAM 00001C
___lwdiv@dividend              cstackCOMRAM 000017
___lwdiv@divisor               cstackCOMRAM 000019
___lwdiv@quotient              cstackCOMRAM 00001D
___lwmod                       text20       00183A
___lwmod@counter               cstackCOMRAM 000024
___lwmod@dividend              cstackCOMRAM 00001F
___lwmod@divisor               cstackCOMRAM 000021
___wmul                        text21       001978
___wmul@multiplicand           cstackCOMRAM 000019
___wmul@multiplier             cstackCOMRAM 000017
___wmul@product                cstackCOMRAM 00001B
__accesstop                    (abs)        000060
__activetblptr                 (abs)        000002
__end_of_ISR                   intcode      001086
__end_of_InitRobot             text1        001A7C
__end_of_Open1USART            text16       001766
__end_of_OpenPWM2              text13       001A58
__end_of_OpenTimer0            text11       001A9E
__end_of_OpenTimer1            text12       001936
__end_of_OpenTimer2            text15       001B1A
__end_of_Read1USART            text29       001A28
__end_of_ReadTimer1            text28       001BB2
__end_of_SetDCPWM2             text14       0019F0
__end_of_Write1USART           text30       001B36
__end_of_WriteTimer0           text26       001B8E
__end_of_WriteTimer1           text27       001BA0
__end_of___lwdiv               text19       0017D2
__end_of___lwmod               text20       001896
__end_of___wmul                text21       0019B6
__end_of__initialization       cinit        0018E2
__end_of__stringdata           smallconst   001099
__end_of_baud1USART            text17       001BD8
__end_of_dpowers               smallconst   001094
__end_of_initClockCDRBot       text5        001B50
__end_of_mInitMotors           text6        001B7C
__end_of_mInitSerialPort       text8        001978
__end_of_mInitTsop             text7        00183A
__end_of_main                  text0        0016F2
__end_of_moveRobot             text4        001B66
__end_of_moveRobotSpeed        text9        00148E
__end_of_printf                text3        001230
__end_of_processSensor         text2        001AFC
__end_of_putch                 text18       001BC2
__end_of_serialInterrupt       text23       001ADE
__end_of_servoInterrupt        text24       0015AA
__end_of_setServoSpeed         text10       001672
__end_of_tsopInterrupt         text25       00136A
__initialization               cinit        001896
__mediumconst                  mediumconst  000000
__pbssCOMRAM                   bssCOMRAM    000040
__pcinit                       cinit        001896
__pcstackBANK0                 cstackBANK0  000060
__pcstackCOMRAM                cstackCOMRAM 000001
__pdataBANK0                   dataBANK0    00008C
__pdataCOMRAM                  dataCOMRAM   000031
__pidataBANK0                  idataBANK0   001A9E
__pidataCOMRAM                 idataCOMRAM  001BC2
__pintcode                     intcode      001008
__psmallconst                  smallconst   00108A
__ptext0                       text0        001672
__ptext1                       text1        001A58
__ptext10                      text10       0015AA
__ptext11                      text11       001A7C
__ptext12                      text12       0018EC
__ptext13                      text13       001A28
__ptext14                      text14       0019B6
__ptext15                      text15       001AFC
__ptext16                      text16       0016F2
__ptext17                      text17       001BD2
__ptext18                      text18       001BB2
__ptext19                      text19       001766
__ptext2                       text2        001ADE
__ptext20                      text20       00183A
__ptext21                      text21       001978
__ptext23                      text23       001ABE
__ptext24                      text24       00148E
__ptext25                      text25       001230
__ptext26                      text26       001B7C
__ptext27                      text27       001B8E
__ptext28                      text28       001BA0
__ptext29                      text29       0019F0
__ptext3                       text3        00109A
__ptext30                      text30       001B1A
__ptext4                       text4        001B50
__ptext5                       text5        001B36
__ptext6                       text6        001B66
__ptext7                       text7        0017D2
__ptext8                       text8        001936
__ptext9                       text9        00136A
__ramtop                       ramtop       000800
__size_of_ISR                  (abs)        000000
__size_of_InitRobot            (abs)        000000
__size_of_Open1USART           (abs)        000000
__size_of_OpenPWM2             (abs)        000000
__size_of_OpenTimer0           (abs)        000000
__size_of_OpenTimer1           (abs)        000000
__size_of_OpenTimer2           (abs)        000000
__size_of_Read1USART           (abs)        000000
__size_of_ReadTimer1           (abs)        000000
__size_of_SetDCPWM2            (abs)        000000
__size_of_Write1USART          (abs)        000000
__size_of_WriteTimer0          (abs)        000000
__size_of_WriteTimer1          (abs)        000000
__size_of___lwdiv              (abs)        000000
__size_of___lwmod              (abs)        000000
__size_of___wmul               (abs)        000000
__size_of_baud1USART           (abs)        000000
__size_of_initClockCDRBot      (abs)        000000
__size_of_mInitMotors          (abs)        000000
__size_of_mInitSerialPort      (abs)        000000
__size_of_mInitTsop            (abs)        000000
__size_of_main                 (abs)        000000
__size_of_moveRobot            (abs)        000000
__size_of_moveRobotSpeed       (abs)        000000
__size_of_printf               (abs)        000000
__size_of_processSensor        (abs)        000000
__size_of_putch                (abs)        000000
__size_of_serialInterrupt      (abs)        000000
__size_of_servoInterrupt       (abs)        000000
__size_of_setServoSpeed        (abs)        000000
__size_of_tsopInterrupt        (abs)        000000
__smallconst                   smallconst   00108A
__stringdata                   smallconst   001094
_baud1USART                    text17       001BD2
_dpowers                       smallconst   00108A
_enableServo                   bssCOMRAM    000040
_initClockCDRBot               text5        001B36
_mInitMotors                   text6        001B66
_mInitSerialPort               text8        001936
_mInitTsop                     text7        0017D2
_main                          text0        001672
_moveRobot                     text4        001B50
_moveRobotSpeed                text9        00136A
_printf                        text3        00109A
_processSensor                 text2        001ADE
_putch                         text18       001BB2
_serialInterrupt               text23       001ABE
_servoInterrupt                text24       00148E
_setServoSpeed                 text10       0015AA
_tsop                          dataCOMRAM   000031
_tsopInterrupt                 text25       001230
_zeroServo                     dataCOMRAM   00003C
baud1USART@baudconfig          cstackCOMRAM 000017
end_of_initialization          cinit        0018E2
intlevel0                      text         000000
intlevel1                      text         000000
intlevel2                      text         000000
intlevel3                      text         000000
mInitSerialPort@baudconfig     cstackCOMRAM 00001E
mInitSerialPort@config         cstackCOMRAM 00001D
mInitSerialPort@spbrg          cstackCOMRAM 00001B
main@F7198                     dataBANK0    00008C
main@cont                      cstackBANK0  00006B
main@sensors                   cstackBANK0  00008B
moveRobot@direction            cstackCOMRAM 00002F
moveRobotSpeed@direction       cstackCOMRAM 000029
moveRobotSpeed@speed           cstackCOMRAM 00002B
moveRobotSpeed@speedLeftServo  cstackBANK0  000060
moveRobotSpeed@speedRightServo cstackBANK0  000062
printf@_val                    cstackBANK0  000063
printf@ap                      cstackBANK0  000061
printf@c                       cstackBANK0  000069
printf@f                       cstackCOMRAM 000025
printf@flag                    cstackBANK0  000060
printf@prec                    cstackBANK0  000068
processSensor@value            cstackCOMRAM 000018
putch@data                     cstackCOMRAM 000017
setServoSpeed@servoID          cstackCOMRAM 00001D
setServoSpeed@speed            cstackCOMRAM 00001F
start                          init         001086
start_initialization           cinit        001896


FUNCTION INFORMATION:

 *************** function _main *****************
 Defined at:
		line 15 in file "../main.c"
 Parameters:    Size  Location     Type
		None
 Auto vars:     Size  Location     Type
  cont           32   11[BANK0 ] int [16]
  sensors         1   43[BANK0 ] unsigned char 
 Return value:  Size  Location     Type
		None               void
 Registers used:
		wreg, fsr0l, fsr0h, fsr1l, fsr1h, fsr2l, fsr2h, status,2, status,0, pclat, tosl, structret, tblptrl, tblptrh, tblptru, prodl, prodh, bsr, cstack
 Tracked objects:
		On entry : 
		On exit  : 
		Unchanged: 
 Data sizes:     COMRAM   BANK0   BANK1   BANK2   BANK3   BANK4   BANK5   BANK6   BANK7
      Params:         0       0       0       0       0       0       0       0       0
      Locals:         0      33       0       0       0       0       0       0       0
      Temps:          0       1       0       0       0       0       0       0       0
      Totals:         0      34       0       0       0       0       0       0       0
Total ram usage:       34 bytes
 Hardware stack levels required when called:    7
 This function calls:
		_InitRobot
		_processSensor
		_printf
		_moveRobot
 This function is called by:
		Startup code after reset
 This function uses a non-reentrant model


 *************** function _InitRobot *****************
 Defined at:
		line 49 in file "../cdrbot.c"
 Parameters:    Size  Location     Type
		None
 Auto vars:     Size  Location     Type
		None
 Return value:  Size  Location     Type
		None               void
 Registers used:
		wreg, fsr0l, fsr0h, fsr1l, fsr1h, fsr2l, fsr2h, status,2, status,0, pclat, tosl, structret, tblptrl, tblptrh, tblptru, prodl, prodh, bsr, cstack
 Tracked objects:
		On entry : 
		On exit  : 
		Unchanged: 
 Data sizes:     COMRAM   BANK0   BANK1   BANK2   BANK3   BANK4   BANK5   BANK6   BANK7
      Params:         0       0       0       0       0       0       0       0       0
      Locals:         0       0       0       0       0       0       0       0       0
      Temps:          0       0       0       0       0       0       0       0       0
      Totals:         0       0       0       0       0       0       0       0       0
Total ram usage:        0 bytes
 Hardware stack levels used:    1
 Hardware stack levels required when called:    5
 This function calls:
		_initClockCDRBot
		_mInitMotors
		_mInitTsop
		_mInitSerialPort
 This function is called by:
		_main
 This function uses a non-reentrant model


 *************** function _processSensor *****************
 Defined at:
		line 62 in file "../tsop.c"
 Parameters:    Size  Location     Type
		None
 Auto vars:     Size  Location     Type
  value           1   23[COMRAM] unsigned char 
 Return value:  Size  Location     Type
                  1    wreg      unsigned char 
 Registers used:
		wreg, status,2
 Tracked objects:
		On entry : 
		On exit  : 
		Unchanged: 
 Data sizes:     COMRAM   BANK0   BANK1   BANK2   BANK3   BANK4   BANK5   BANK6   BANK7
      Params:         0       0       0       0       0       0       0       0       0
      Locals:         1       0       0       0       0       0       0       0       0
      Temps:          1       0       0       0       0       0       0       0       0
      Totals:         2       0       0       0       0       0       0       0       0
Total ram usage:        2 bytes
 Hardware stack levels used:    1
 Hardware stack levels required when called:    3
 This function calls:
		Nothing
 This function is called by:
		_main
 This function uses a non-reentrant model


 *************** function _printf *****************
 Defined at:
		line 465 in file "/opt/microchip/xc8/v1.12/sources/doprnt.c"
 Parameters:    Size  Location     Type
  f               2   36[COMRAM] PTR const unsigned char 
		 -> STR_1(5), 
 Auto vars:     Size  Location     Type
  _val            5    3[BANK0 ] struct .
  ap              2    1[BANK0 ] PTR void [1]
		 -> ?_printf(2), 
  c               1    9[BANK0 ] char 
  prec            1    8[BANK0 ] char 
  flag            1    0[BANK0 ] unsigned char 
 Return value:  Size  Location     Type
                  2   36[COMRAM] int 
 Registers used:
		wreg, fsr2l, fsr2h, status,2, status,0, tblptrl, tblptrh, tblptru, prodl, prodh, cstack
 Tracked objects:
		On entry : 
		On exit  : 
		Unchanged: 
 Data sizes:     COMRAM   BANK0   BANK1   BANK2   BANK3   BANK4   BANK5   BANK6   BANK7
      Params:         4       0       0       0       0       0       0       0       0
      Locals:         0      10       0       0       0       0       0       0       0
      Temps:          2       0       0       0       0       0       0       0       0
      Totals:         6      10       0       0       0       0       0       0       0
Total ram usage:       16 bytes
 Hardware stack levels used:    1
 Hardware stack levels required when called:    4
 This function calls:
		_putch
		___lwdiv
		___lwmod
 This function is called by:
		_main
 This function uses a non-reentrant model


 *************** function _moveRobot *****************
 Defined at:
		line 97 in file "../cdrbot.c"
 Parameters:    Size  Location     Type
  direction       2   46[COMRAM] unsigned int 
 Auto vars:     Size  Location     Type
		None
 Return value:  Size  Location     Type
		None               void
 Registers used:
		wreg, fsr0l, fsr0h, fsr1l, fsr1h, fsr2l, fsr2h, status,2, status,0, pclat, tosl, structret, tblptrl, tblptrh, tblptru, prodl, prodh, bsr, cstack
 Tracked objects:
		On entry : 
		On exit  : 
		Unchanged: 
 Data sizes:     COMRAM   BANK0   BANK1   BANK2   BANK3   BANK4   BANK5   BANK6   BANK7
      Params:         2       0       0       0       0       0       0       0       0
      Locals:         0       0       0       0       0       0       0       0       0
      Temps:          0       0       0       0       0       0       0       0       0
      Totals:         2       0       0       0       0       0       0       0       0
Total ram usage:        2 bytes
 Hardware stack levels used:    1
 Hardware stack levels required when called:    6
 This function calls:
		_moveRobotSpeed
 This function is called by:
		_main
 This function uses a non-reentrant model


 *************** function _initClockCDRBot *****************
 Defined at:
		line 26 in file "../cdrbot.c"
 Parameters:    Size  Location     Type
		None
 Auto vars:     Size  Location     Type
		None
 Return value:  Size  Location     Type
		None               void
 Registers used:
		wreg, status,2
 Tracked objects:
		On entry : 
		On exit  : 
		Unchanged: 
 Data sizes:     COMRAM   BANK0   BANK1   BANK2   BANK3   BANK4   BANK5   BANK6   BANK7
      Params:         0       0       0       0       0       0       0       0       0
      Locals:         0       0       0       0       0       0       0       0       0
      Temps:          0       0       0       0       0       0       0       0       0
      Totals:         0       0       0       0       0       0       0       0       0
Total ram usage:        0 bytes
 Hardware stack levels used:    1
 Hardware stack levels required when called:    3
 This function calls:
		Nothing
 This function is called by:
		_InitRobot
 This function uses a non-reentrant model


 *************** function _mInitMotors *****************
 Defined at:
		line 23 in file "../motors.c"
 Parameters:    Size  Location     Type
		None
 Auto vars:     Size  Location     Type
		None
 Return value:  Size  Location     Type
		None               void
 Registers used:
		wreg, status,2, status,0, cstack
 Tracked objects:
		On entry : 
		On exit  : 
		Unchanged: 
 Data sizes:     COMRAM   BANK0   BANK1   BANK2   BANK3   BANK4   BANK5   BANK6   BANK7
      Params:         0       0       0       0       0       0       0       0       0
      Locals:         0       0       0       0       0       0       0       0       0
      Temps:          1       0       0       0       0       0       0       0       0
      Totals:         1       0       0       0       0       0       0       0       0
Total ram usage:        1 bytes
 Hardware stack levels used:    1
 Hardware stack levels required when called:    4
 This function calls:
		_OpenTimer0
 This function is called by:
		_InitRobot
 This function uses a non-reentrant model


 *************** function _mInitTsop *****************
 Defined at:
		line 17 in file "../tsop.c"
 Parameters:    Size  Location     Type
		None
 Auto vars:     Size  Location     Type
		None
 Return value:  Size  Location     Type
		None               void
 Registers used:
		wreg, status,2, status,0, cstack
 Tracked objects:
		On entry : 
		On exit  : 
		Unchanged: 
 Data sizes:     COMRAM   BANK0   BANK1   BANK2   BANK3   BANK4   BANK5   BANK6   BANK7
      Params:         0       0       0       0       0       0       0       0       0
      Locals:         0       0       0       0       0       0       0       0       0
      Temps:          2       0       0       0       0       0       0       0       0
      Totals:         2       0       0       0       0       0       0       0       0
Total ram usage:        2 bytes
 Hardware stack levels used:    1
 Hardware stack levels required when called:    4
 This function calls:
		_OpenTimer1
		_OpenPWM2
		_SetDCPWM2
		_OpenTimer2
 This function is called by:
		_InitRobot
 This function uses a non-reentrant model


 *************** function _mInitSerialPort *****************
 Defined at:
		line 17 in file "../serial.c"
 Parameters:    Size  Location     Type
		None
 Auto vars:     Size  Location     Type
  spbrg           2   26[COMRAM] unsigned int 
  baudconfig      1   29[COMRAM] unsigned char 
  config          1   28[COMRAM] unsigned char 
 Return value:  Size  Location     Type
		None               void
 Registers used:
		wreg, status,2, status,0, cstack
 Tracked objects:
		On entry : 
		On exit  : 
		Unchanged: 
 Data sizes:     COMRAM   BANK0   BANK1   BANK2   BANK3   BANK4   BANK5   BANK6   BANK7
      Params:         0       0       0       0       0       0       0       0       0
      Locals:         4       0       0       0       0       0       0       0       0
      Temps:          1       0       0       0       0       0       0       0       0
      Totals:         5       0       0       0       0       0       0       0       0
Total ram usage:        5 bytes
 Hardware stack levels used:    1
 Hardware stack levels required when called:    4
 This function calls:
		_Open1USART
		_baud1USART
 This function is called by:
		_InitRobot
 This function uses a non-reentrant model


 *************** function _moveRobotSpeed *****************
 Defined at:
		line 63 in file "../cdrbot.c"
 Parameters:    Size  Location     Type
  direction       2   40[COMRAM] unsigned int 
  speed           2   42[COMRAM] unsigned int 
 Auto vars:     Size  Location     Type
  speedRightSe    2    2[BANK0 ] int 
  speedLeftSer    2    0[BANK0 ] int 
 Return value:  Size  Location     Type
		None               void
 Registers used:
		wreg, fsr2l, fsr2h, status,2, status,0, cstack
 Tracked objects:
		On entry : 
		On exit  : 
		Unchanged: 
 Data sizes:     COMRAM   BANK0   BANK1   BANK2   BANK3   BANK4   BANK5   BANK6   BANK7
      Params:         4       0       0       0       0       0       0       0       0
      Locals:         0       4       0       0       0       0       0       0       0
      Temps:          2       0       0       0       0       0       0       0       0
      Totals:         6       4       0       0       0       0       0       0       0
Total ram usage:       10 bytes
 Hardware stack levels used:    1
 Hardware stack levels required when called:    5
 This function calls:
		_setServoSpeed
 This function is called by:
		_moveRobot
 This function uses a non-reentrant model


 *************** function _setServoSpeed *****************
 Defined at:
		line 57 in file "../motors.c"
 Parameters:    Size  Location     Type
  servoID         2   28[COMRAM] unsigned int 
  speed           2   30[COMRAM] int 
 Auto vars:     Size  Location     Type
		None
 Return value:  Size  Location     Type
		None               void
 Registers used:
		wreg, fsr2l, fsr2h, status,2, status,0, cstack
 Tracked objects:
		On entry : 
		On exit  : 
		Unchanged: 
 Data sizes:     COMRAM   BANK0   BANK1   BANK2   BANK3   BANK4   BANK5   BANK6   BANK7
      Params:         4       0       0       0       0       0       0       0       0
      Locals:         0       0       0       0       0       0       0       0       0
      Temps:          8       0       0       0       0       0       0       0       0
      Totals:        12       0       0       0       0       0       0       0       0
Total ram usage:       12 bytes
 Hardware stack levels used:    1
 Hardware stack levels required when called:    4
 This function calls:
		___wmul
 This function is called by:
		_moveRobotSpeed
 This function uses a non-reentrant model


 *************** function _OpenTimer0 *****************
 Defined at:
		line 19 in file "plib/Timers/t0open.c"
 Parameters:    Size  Location     Type
  config          1   22[COMRAM] unsigned char 
 Auto vars:     Size  Location     Type
		None
 Return value:  Size  Location     Type
		None               void
 Registers used:
		wreg, status,2, status,0
 Tracked objects:
		On entry : 
		On exit  : 
		Unchanged: 
 Data sizes:     COMRAM   BANK0   BANK1   BANK2   BANK3   BANK4   BANK5   BANK6   BANK7
      Params:         1       0       0       0       0       0       0       0       0
      Locals:         0       0       0       0       0       0       0       0       0
      Temps:          0       0       0       0       0       0       0       0       0
      Totals:         1       0       0       0       0       0       0       0       0
Total ram usage:        1 bytes
 Hardware stack levels used:    1
 Hardware stack levels required when called:    3
 This function calls:
		Nothing
 This function is called by:
		_mInitMotors
 This function uses a non-reentrant model


 *************** function _OpenTimer1 *****************
 Defined at:
		line 44 in file "plib/Timers/t1open.c"
 Parameters:    Size  Location     Type
  config          1   22[COMRAM] unsigned char 
  config1         1   23[COMRAM] unsigned char 
 Auto vars:     Size  Location     Type
		None
 Return value:  Size  Location     Type
		None               void
 Registers used:
		wreg, status,2, status,0
 Tracked objects:
		On entry : 
		On exit  : 
		Unchanged: 
 Data sizes:     COMRAM   BANK0   BANK1   BANK2   BANK3   BANK4   BANK5   BANK6   BANK7
      Params:         2       0       0       0       0       0       0       0       0
      Locals:         0       0       0       0       0       0       0       0       0
      Temps:          1       0       0       0       0       0       0       0       0
      Totals:         3       0       0       0       0       0       0       0       0
Total ram usage:        3 bytes
 Hardware stack levels used:    1
 Hardware stack levels required when called:    3
 This function calls:
		Nothing
 This function is called by:
		_mInitTsop
 This function uses a non-reentrant model


 *************** function _OpenPWM2 *****************
 Defined at:
		line 198 in file "plib/PWM/pw2open.c"
 Parameters:    Size  Location     Type
  period          1   22[COMRAM] unsigned char 
  timer_source    1   23[COMRAM] unsigned char 
 Auto vars:     Size  Location     Type
		None
 Return value:  Size  Location     Type
		None               void
 Registers used:
		wreg, status,2, status,0
 Tracked objects:
		On entry : 
		On exit  : 
		Unchanged: 
 Data sizes:     COMRAM   BANK0   BANK1   BANK2   BANK3   BANK4   BANK5   BANK6   BANK7
      Params:         2       0       0       0       0       0       0       0       0
      Locals:         0       0       0       0       0       0       0       0       0
      Temps:          0       0       0       0       0       0       0       0       0
      Totals:         2       0       0       0       0       0       0       0       0
Total ram usage:        2 bytes
 Hardware stack levels used:    1
 Hardware stack levels required when called:    3
 This function calls:
		Nothing
 This function is called by:
		_mInitTsop
 This function uses a non-reentrant model


 *************** function _SetDCPWM2 *****************
 Defined at:
		line 8 in file "plib/PWM/pw2setdc.c"
 Parameters:    Size  Location     Type
  dutycycle       2   22[COMRAM] unsigned int 
 Auto vars:     Size  Location     Type
  DCycle          2   26[COMRAM] struct PWMDC
 Return value:  Size  Location     Type
		None               void
 Registers used:
		wreg, status,2, status,0
 Tracked objects:
		On entry : 
		On exit  : 
		Unchanged: 
 Data sizes:     COMRAM   BANK0   BANK1   BANK2   BANK3   BANK4   BANK5   BANK6   BANK7
      Params:         2       0       0       0       0       0       0       0       0
      Locals:         2       0       0       0       0       0       0       0       0
      Temps:          2       0       0       0       0       0       0       0       0
      Totals:         6       0       0       0       0       0       0       0       0
Total ram usage:        6 bytes
 Hardware stack levels used:    1
 Hardware stack levels required when called:    3
 This function calls:
		Nothing
 This function is called by:
		_mInitTsop
 This function uses a non-reentrant model


 *************** function _OpenTimer2 *****************
 Defined at:
		line 18 in file "plib/Timers/t2open.c"
 Parameters:    Size  Location     Type
  config          1   22[COMRAM] unsigned char 
 Auto vars:     Size  Location     Type
		None
 Return value:  Size  Location     Type
		None               void
 Registers used:
		wreg, status,2, status,0
 Tracked objects:
		On entry : 
		On exit  : 
		Unchanged: 
 Data sizes:     COMRAM   BANK0   BANK1   BANK2   BANK3   BANK4   BANK5   BANK6   BANK7
      Params:         1       0       0       0       0       0       0       0       0
      Locals:         0       0       0       0       0       0       0       0       0
      Temps:          0       0       0       0       0       0       0       0       0
      Totals:         1       0       0       0       0       0       0       0       0
Total ram usage:        1 bytes
 Hardware stack levels used:    1
 Hardware stack levels required when called:    3
 This function calls:
		Nothing
 This function is called by:
		_mInitTsop
 This function uses a non-reentrant model


 *************** function _Open1USART *****************
 Defined at:
		line 125 in file "plib/USART/u1open.c"
 Parameters:    Size  Location     Type
  config          1   22[COMRAM] unsigned char 
  spbrg           2   23[COMRAM] unsigned int 
 Auto vars:     Size  Location     Type
		None
 Return value:  Size  Location     Type
		None               void
 Registers used:
		wreg, status,2
 Tracked objects:
		On entry : 
		On exit  : 
		Unchanged: 
 Data sizes:     COMRAM   BANK0   BANK1   BANK2   BANK3   BANK4   BANK5   BANK6   BANK7
      Params:         3       0       0       0       0       0       0       0       0
      Locals:         0       0       0       0       0       0       0       0       0
      Temps:          0       0       0       0       0       0       0       0       0
      Totals:         3       0       0       0       0       0       0       0       0
Total ram usage:        3 bytes
 Hardware stack levels used:    1
 Hardware stack levels required when called:    3
 This function calls:
		Nothing
 This function is called by:
		_mInitSerialPort
 This function uses a non-reentrant model


 *************** function _baud1USART *****************
 Defined at:
		line 19 in file "plib/USART/u1baud.c"
 Parameters:    Size  Location     Type
  baudconfig      1   22[COMRAM] unsigned char 
 Auto vars:     Size  Location     Type
		None
 Return value:  Size  Location     Type
		None               void
 Registers used:
		None
 Tracked objects:
		On entry : 
		On exit  : 
		Unchanged: 
 Data sizes:     COMRAM   BANK0   BANK1   BANK2   BANK3   BANK4   BANK5   BANK6   BANK7
      Params:         1       0       0       0       0       0       0       0       0
      Locals:         0       0       0       0       0       0       0       0       0
      Temps:          0       0       0       0       0       0       0       0       0
      Totals:         1       0       0       0       0       0       0       0       0
Total ram usage:        1 bytes
 Hardware stack levels used:    1
 Hardware stack levels required when called:    3
 This function calls:
		Nothing
 This function is called by:
		_mInitSerialPort
 This function uses a non-reentrant model


 *************** function _putch *****************
 Defined at:
		line 32 in file "../serial.c"
 Parameters:    Size  Location     Type
  data            1   22[COMRAM] unsigned char 
 Auto vars:     Size  Location     Type
		None
 Return value:  Size  Location     Type
		None               void
 Registers used:
		None
 Tracked objects:
		On entry : 
		On exit  : 
		Unchanged: 
 Data sizes:     COMRAM   BANK0   BANK1   BANK2   BANK3   BANK4   BANK5   BANK6   BANK7
      Params:         1       0       0       0       0       0       0       0       0
      Locals:         0       0       0       0       0       0       0       0       0
      Temps:          0       0       0       0       0       0       0       0       0
      Totals:         1       0       0       0       0       0       0       0       0
Total ram usage:        1 bytes
 Hardware stack levels used:    1
 Hardware stack levels required when called:    3
 This function calls:
		Nothing
 This function is called by:
		_printf
 This function uses a non-reentrant model


 *************** function ___lwdiv *****************
 Defined at:
		line 10 in file "/opt/microchip/xc8/v1.12/sources/lwdiv.c"
 Parameters:    Size  Location     Type
  dividend        2   22[COMRAM] unsigned int 
  divisor         2   24[COMRAM] unsigned int 
 Auto vars:     Size  Location     Type
  quotient        2   28[COMRAM] unsigned int 
  counter         1   27[COMRAM] unsigned char 
 Return value:  Size  Location     Type
                  2   22[COMRAM] unsigned int 
 Registers used:
		wreg, status,2, status,0
 Tracked objects:
		On entry : 
		On exit  : 
		Unchanged: 
 Data sizes:     COMRAM   BANK0   BANK1   BANK2   BANK3   BANK4   BANK5   BANK6   BANK7
      Params:         4       0       0       0       0       0       0       0       0
      Locals:         3       0       0       0       0       0       0       0       0
      Temps:          1       0       0       0       0       0       0       0       0
      Totals:         8       0       0       0       0       0       0       0       0
Total ram usage:        8 bytes
 Hardware stack levels used:    1
 Hardware stack levels required when called:    3
 This function calls:
		Nothing
 This function is called by:
		_printf
 This function uses a non-reentrant model


 *************** function ___lwmod *****************
 Defined at:
		line 10 in file "/opt/microchip/xc8/v1.12/sources/lwmod.c"
 Parameters:    Size  Location     Type
  dividend        2   30[COMRAM] unsigned int 
  divisor         2   32[COMRAM] unsigned int 
 Auto vars:     Size  Location     Type
  counter         1   35[COMRAM] unsigned char 
 Return value:  Size  Location     Type
                  2   30[COMRAM] unsigned int 
 Registers used:
		wreg, status,2, status,0
 Tracked objects:
		On entry : 
		On exit  : 
		Unchanged: 
 Data sizes:     COMRAM   BANK0   BANK1   BANK2   BANK3   BANK4   BANK5   BANK6   BANK7
      Params:         4       0       0       0       0       0       0       0       0
      Locals:         1       0       0       0       0       0       0       0       0
      Temps:          1       0       0       0       0       0       0       0       0
      Totals:         6       0       0       0       0       0       0       0       0
Total ram usage:        6 bytes
 Hardware stack levels used:    1
 Hardware stack levels required when called:    3
 This function calls:
		Nothing
 This function is called by:
		_printf
 This function uses a non-reentrant model


 *************** function ___wmul *****************
 Defined at:
		line 3 in file "/opt/microchip/xc8/v1.12/sources/wmul.c"
 Parameters:    Size  Location     Type
  multiplier      2   22[COMRAM] unsigned int 
  multiplicand    2   24[COMRAM] unsigned int 
 Auto vars:     Size  Location     Type
  product         2   26[COMRAM] unsigned int 
 Return value:  Size  Location     Type
                  2   22[COMRAM] unsigned int 
 Registers used:
		wreg, status,2, status,0
 Tracked objects:
		On entry : 
		On exit  : 
		Unchanged: 
 Data sizes:     COMRAM   BANK0   BANK1   BANK2   BANK3   BANK4   BANK5   BANK6   BANK7
      Params:         4       0       0       0       0       0       0       0       0
      Locals:         2       0       0       0       0       0       0       0       0
      Temps:          0       0       0       0       0       0       0       0       0
      Totals:         6       0       0       0       0       0       0       0       0
Total ram usage:        6 bytes
 Hardware stack levels used:    1
 Hardware stack levels required when called:    3
 This function calls:
		Nothing
 This function is called by:
		_setServoSpeed
 This function uses a non-reentrant model


 *************** function _ISR *****************
 Defined at:
		line 46 in file "../main.c"
 Parameters:    Size  Location     Type
		None
 Auto vars:     Size  Location     Type
		None
 Return value:  Size  Location     Type
		None               void
 Registers used:
		wreg, fsr2l, fsr2h, status,2, status,0, prodl, prodh, cstack
 Tracked objects:
		On entry : 
		On exit  : 
		Unchanged: 
 Data sizes:     COMRAM   BANK0   BANK1   BANK2   BANK3   BANK4   BANK5   BANK6   BANK7
      Params:         0       0       0       0       0       0       0       0       0
      Locals:         0       0       0       0       0       0       0       0       0
      Temps:         14       0       0       0       0       0       0       0       0
      Totals:        14       0       0       0       0       0       0       0       0
Total ram usage:       14 bytes
 Hardware stack levels used:    1
 Hardware stack levels required when called:    2
 This function calls:
		_serialInterrupt
		_servoInterrupt
		_tsopInterrupt
 This function is called by:
		Interrupt level 2
 This function uses a non-reentrant model


 *************** function _serialInterrupt *****************
 Defined at:
		line 41 in file "../serial.c"
 Parameters:    Size  Location     Type
		None
 Auto vars:     Size  Location     Type
		None
 Return value:  Size  Location     Type
		None               void
 Registers used:
		wreg, status,2, status,0, cstack
 Tracked objects:
		On entry : 
		On exit  : 
		Unchanged: 
 Data sizes:     COMRAM   BANK0   BANK1   BANK2   BANK3   BANK4   BANK5   BANK6   BANK7
      Params:         0       0       0       0       0       0       0       0       0
      Locals:         0       0       0       0       0       0       0       0       0
      Temps:          0       0       0       0       0       0       0       0       0
      Totals:         0       0       0       0       0       0       0       0       0
Total ram usage:        0 bytes
 Hardware stack levels used:    1
 Hardware stack levels required when called:    1
 This function calls:
		_Read1USART
		_Write1USART
 This function is called by:
		_ISR
 This function uses a non-reentrant model


 *************** function _servoInterrupt *****************
 Defined at:
		line 33 in file "../motors.c"
 Parameters:    Size  Location     Type
		None
 Auto vars:     Size  Location     Type
		None
 Return value:  Size  Location     Type
		None               void
 Registers used:
		wreg, fsr2l, fsr2h, status,2, status,0, prodl, prodh, cstack
 Tracked objects:
		On entry : 
		On exit  : 
		Unchanged: 
 Data sizes:     COMRAM   BANK0   BANK1   BANK2   BANK3   BANK4   BANK5   BANK6   BANK7
      Params:         0       0       0       0       0       0       0       0       0
      Locals:         0       0       0       0       0       0       0       0       0
      Temps:          2       0       0       0       0       0       0       0       0
      Totals:         2       0       0       0       0       0       0       0       0
Total ram usage:        2 bytes
 Hardware stack levels used:    1
 Hardware stack levels required when called:    1
 This function calls:
		_WriteTimer0
 This function is called by:
		_ISR
 This function uses a non-reentrant model


 *************** function _tsopInterrupt *****************
 Defined at:
		line 77 in file "../tsop.c"
 Parameters:    Size  Location     Type
		None
 Auto vars:     Size  Location     Type
		None
 Return value:  Size  Location     Type
		None               void
 Registers used:
		wreg, fsr2l, fsr2h, status,2, status,0, cstack
 Tracked objects:
		On entry : 
		On exit  : 
		Unchanged: 
 Data sizes:     COMRAM   BANK0   BANK1   BANK2   BANK3   BANK4   BANK5   BANK6   BANK7
      Params:         0       0       0       0       0       0       0       0       0
      Locals:         0       0       0       0       0       0       0       0       0
      Temps:          4       0       0       0       0       0       0       0       0
      Totals:         4       0       0       0       0       0       0       0       0
Total ram usage:        4 bytes
 Hardware stack levels used:    1
 Hardware stack levels required when called:    1
 This function calls:
		_WriteTimer1
		_ReadTimer1
 This function is called by:
		_ISR
 This function uses a non-reentrant model


 *************** function _WriteTimer0 *****************
 Defined at:
		line 17 in file "plib/Timers/t0write.c"
 Parameters:    Size  Location     Type
  timer0          2    0[COMRAM] unsigned int 
 Auto vars:     Size  Location     Type
  timer           2    2[COMRAM] struct Timers
 Return value:  Size  Location     Type
		None               void
 Registers used:
		None
 Tracked objects:
		On entry : 
		On exit  : 
		Unchanged: 
 Data sizes:     COMRAM   BANK0   BANK1   BANK2   BANK3   BANK4   BANK5   BANK6   BANK7
      Params:         2       0       0       0       0       0       0       0       0
      Locals:         2       0       0       0       0       0       0       0       0
      Temps:          0       0       0       0       0       0       0       0       0
      Totals:         4       0       0       0       0       0       0       0       0
Total ram usage:        4 bytes
 Hardware stack levels used:    1
 This function calls:
		Nothing
 This function is called by:
		_servoInterrupt
 This function uses a non-reentrant model


 *************** function _WriteTimer1 *****************
 Defined at:
		line 15 in file "plib/Timers/t1write.c"
 Parameters:    Size  Location     Type
  timer1          2    0[COMRAM] unsigned int 
 Auto vars:     Size  Location     Type
  timer           2    2[COMRAM] struct Timers
 Return value:  Size  Location     Type
		None               void
 Registers used:
		None
 Tracked objects:
		On entry : 
		On exit  : 
		Unchanged: 
 Data sizes:     COMRAM   BANK0   BANK1   BANK2   BANK3   BANK4   BANK5   BANK6   BANK7
      Params:         2       0       0       0       0       0       0       0       0
      Locals:         2       0       0       0       0       0       0       0       0
      Temps:          0       0       0       0       0       0       0       0       0
      Totals:         4       0       0       0       0       0       0       0       0
Total ram usage:        4 bytes
 Hardware stack levels used:    1
 This function calls:
		Nothing
 This function is called by:
		_tsopInterrupt
 This function uses a non-reentrant model


 *************** function _ReadTimer1 *****************
 Defined at:
		line 16 in file "plib/Timers/t1read.c"
 Parameters:    Size  Location     Type
		None
 Auto vars:     Size  Location     Type
  timer           2    2[COMRAM] struct Timers
 Return value:  Size  Location     Type
                  2    0[COMRAM] unsigned int 
 Registers used:
		None
 Tracked objects:
		On entry : 
		On exit  : 
		Unchanged: 
 Data sizes:     COMRAM   BANK0   BANK1   BANK2   BANK3   BANK4   BANK5   BANK6   BANK7
      Params:         2       0       0       0       0       0       0       0       0
      Locals:         2       0       0       0       0       0       0       0       0
      Temps:          0       0       0       0       0       0       0       0       0
      Totals:         4       0       0       0       0       0       0       0       0
Total ram usage:        4 bytes
 Hardware stack levels used:    1
 This function calls:
		Nothing
 This function is called by:
		_tsopInterrupt
 This function uses a non-reentrant model


 *************** function _Read1USART *****************
 Defined at:
		line 18 in file "plib/USART/u1read.c"
 Parameters:    Size  Location     Type
		None
 Auto vars:     Size  Location     Type
  data            1    0[COMRAM] unsigned char 
 Return value:  Size  Location     Type
                  1    wreg      unsigned char 
 Registers used:
		wreg, status,2, status,0
 Tracked objects:
		On entry : 
		On exit  : 
		Unchanged: 
 Data sizes:     COMRAM   BANK0   BANK1   BANK2   BANK3   BANK4   BANK5   BANK6   BANK7
      Params:         0       0       0       0       0       0       0       0       0
      Locals:         1       0       0       0       0       0       0       0       0
      Temps:          0       0       0       0       0       0       0       0       0
      Totals:         1       0       0       0       0       0       0       0       0
Total ram usage:        1 bytes
 Hardware stack levels used:    1
 This function calls:
		Nothing
 This function is called by:
		_serialInterrupt
 This function uses a non-reentrant model


 *************** function _Write1USART *****************
 Defined at:
		line 15 in file "plib/USART/u1write.c"
 Parameters:    Size  Location     Type
  data            1    1[COMRAM] unsigned char 
 Auto vars:     Size  Location     Type
		None
 Return value:  Size  Location     Type
		None               void
 Registers used:
		None
 Tracked objects:
		On entry : 
		On exit  : 
		Unchanged: 
 Data sizes:     COMRAM   BANK0   BANK1   BANK2   BANK3   BANK4   BANK5   BANK6   BANK7
      Params:         1       0       0       0       0       0       0       0       0
      Locals:         0       0       0       0       0       0       0       0       0
      Temps:          0       0       0       0       0       0       0       0       0
      Totals:         1       0       0       0       0       0       0       0       0
Total ram usage:        1 bytes
 Hardware stack levels used:    1
 This function calls:
		Nothing
 This function is called by:
		_serialInterrupt
 This function uses a non-reentrant model



MODULE INFORMATION

Module		Function		Class		Link	Load	Size
../tsop.c
		_processSensor 		CODE           	1ADE	0000	30
		_mInitTsop     		CODE           	17D2	0000	104
		_tsopInterrupt 		CODE           	1230	0000	314

../tsop.c estimated size: 448

../main.c
		_ISR           		CODE           	1008	0000	126
		_main          		CODE           	1672	0000	128

../main.c estimated size: 254

plib/Timers/t0open.c
		_OpenTimer0    		CODE           	1A7C	0000	34

plib/Timers/t0open.c estimated size: 34

plib/Timers/t1open.c
		_OpenTimer1    		CODE           	18EC	0000	74

plib/Timers/t1open.c estimated size: 74

plib/Timers/t2open.c
		_OpenTimer2    		CODE           	1AFC	0000	30

plib/Timers/t2open.c estimated size: 30

plib/USART/u1open.c
		_Open1USART    		CODE           	16F2	0000	116

plib/USART/u1open.c estimated size: 116

shared
		__stringdata   		SMALLCONST     	1094	0000	5
		_dpowers       		SMALLCONST     	108A	0000	10
		__initializatio		CODE           	1896	0000	76

shared estimated size: 91

plib/USART/u1baud.c
		_baud1USART    		CODE           	1BD2	0000	6

plib/USART/u1baud.c estimated size: 6

plib/PWM/pw2setdc.c
		_SetDCPWM2     		CODE           	19B6	0000	58

plib/PWM/pw2setdc.c estimated size: 58

plib/Timers/t0write.c
		_WriteTimer0   		CODE           	1B7C	0000	18

plib/Timers/t0write.c estimated size: 18

plib/Timers/t1write.c
		_WriteTimer1   		CODE           	1B8E	0000	18

plib/Timers/t1write.c estimated size: 18

/opt/microchip/xc8/v1.12/sources/wmul.c
		___wmul        		CODE           	1978	0000	62

/opt/microchip/xc8/v1.12/sources/wmul.c estimated size: 62

plib/PWM/pw2open.c
		_OpenPWM2      		CODE           	1A28	0000	48

plib/PWM/pw2open.c estimated size: 48

/opt/microchip/xc8/v1.12/sources/lwmod.c
		___lwmod       		CODE           	183A	0000	92

/opt/microchip/xc8/v1.12/sources/lwmod.c estimated size: 92

../serial.c
		_serialInterrup		CODE           	1ABE	0000	32
		_mInitSerialPor		CODE           	1936	0000	66
		_putch         		CODE           	1BB2	0000	16

../serial.c estimated size: 114

/opt/microchip/xc8/v1.12/sources/lwdiv.c
		___lwdiv       		CODE           	1766	0000	108

/opt/microchip/xc8/v1.12/sources/lwdiv.c estimated size: 108

plib/USART/u1write.c
		_Write1USART   		CODE           	1B1A	0000	28

plib/USART/u1write.c estimated size: 28

plib/Timers/t1read.c
		_ReadTimer1    		CODE           	1BA0	0000	18

plib/Timers/t1read.c estimated size: 18

/opt/microchip/xc8/v1.12/sources/doprnt.c
		_printf        		CODE           	109A	0000	406

/opt/microchip/xc8/v1.12/sources/doprnt.c estimated size: 406

../motors.c
		_mInitMotors   		CODE           	1B66	0000	22
		_setServoSpeed 		CODE           	15AA	0000	200
		_servoInterrupt		CODE           	148E	0000	284

../motors.c estimated size: 506

plib/USART/u1read.c
		_Read1USART    		CODE           	19F0	0000	56

plib/USART/u1read.c estimated size: 56

../cdrbot.c
		_moveRobot     		CODE           	1B50	0000	22
		_moveRobotSpeed		CODE           	136A	0000	292
		_InitRobot     		CODE           	1A58	0000	36
		_initClockCDRBo		CODE           	1B36	0000	26

../cdrbot.c estimated size: 376

